Component: ARM Compiler 5.06 update 6 (build 750) Tool: armlink [4d35ed]

==============================================================================

Section Cross References

    startup_stm32f4xx.o(STACK) refers (Special) to heapauxi.o(.text) for __use_two_region_memory
    startup_stm32f4xx.o(HEAP) refers (Special) to heapauxi.o(.text) for __use_two_region_memory
    startup_stm32f4xx.o(RESET) refers (Special) to heapauxi.o(.text) for __use_two_region_memory
    startup_stm32f4xx.o(RESET) refers to startup_stm32f4xx.o(STACK) for __initial_sp
    startup_stm32f4xx.o(RESET) refers to startup_stm32f4xx.o(.text) for Reset_Handler
    startup_stm32f4xx.o(RESET) refers to stm32f4xx_it.o(.text) for NMI_Handler
    startup_stm32f4xx.o(RESET) refers to port.o(.emb_text) for SVC_Handler
    startup_stm32f4xx.o(RESET) refers to port.o(.text) for SysTick_Handler
    startup_stm32f4xx.o(RESET) refers to main.o(.text) for TIM2_IRQHandler
    startup_stm32f4xx.o(.text) refers (Special) to heapauxi.o(.text) for __use_two_region_memory
    startup_stm32f4xx.o(.text) refers to system_stm32f4xx.o(.text) for SystemInit
    startup_stm32f4xx.o(.text) refers to __main.o(!!!main) for __main
    startup_stm32f4xx.o(.text) refers to startup_stm32f4xx.o(HEAP) for Heap_Mem
    startup_stm32f4xx.o(.text) refers to startup_stm32f4xx.o(STACK) for Stack_Mem
    system_stm32f4xx.o(.text) refers to system_stm32f4xx.o(.data) for SystemCoreClock
    main.o(.text) refers to stm32f4xx_rcc.o(.text) for RCC_AHB1PeriphClockCmd
    main.o(.text) refers to stm32f4xx_gpio.o(.text) for GPIO_Init
    main.o(.text) refers to stm32f4xx_tim.o(.text) for TIM_TimeBaseInit
    main.o(.text) refers to misc.o(.text) for NVIC_Init
    main.o(.text) refers to system_stm32f4xx.o(.text) for SystemInit
    main.o(.text) refers to codec.o(.text) for codec_init
    main.o(.text) refers to stm32f4xx_spi.o(.text) for I2S_Cmd
    main.o(.text) refers to main.o(.data) for GPIO_Initstructure
    main.o(.text) refers to main.o(.bss) for timer_InitStructure
    main.o(.text) refers to daddsub_clz.o(x$fpl$dadd) for __aeabi_dadd
    main.o(.text) refers to drleqf.o(x$fpl$drleqf) for __aeabi_cdrcmple
    main.o(.text) refers to daddsub_clz.o(x$fpl$dsub) for __aeabi_dsub
    main.o(.text) refers to d2f.o(x$fpl$d2f) for __aeabi_d2f
    main.o(.text) refers to f2d.o(x$fpl$f2d) for __aeabi_f2d
    main.o(.text) refers to dmul.o(x$fpl$dmul) for __aeabi_dmul
    main.o(.text) refers to dfix.o(x$fpl$dfix) for __aeabi_d2iz
    main.o(.text) refers to tasks.o(.text) for vTaskDelay
    main.o(.text) refers to discoveryf4utils.o(.text) for STM_EVAL_LEDInit
    discoveryf4utils.o(.text) refers to stm32f4xx_rcc.o(.text) for RCC_AHB1PeriphClockCmd
    discoveryf4utils.o(.text) refers to stm32f4xx_gpio.o(.text) for GPIO_Init
    discoveryf4utils.o(.text) refers to stm32f4xx_syscfg.o(.text) for SYSCFG_EXTILineConfig
    discoveryf4utils.o(.text) refers to stm32f4xx_exti.o(.text) for EXTI_Init
    discoveryf4utils.o(.text) refers to misc.o(.text) for NVIC_Init
    discoveryf4utils.o(.text) refers to stm32f4xx_usart.o(.text) for USART_Init
    discoveryf4utils.o(.text) refers to discoveryf4utils.o(.constdata) for GPIO_CLK
    discoveryf4utils.o(.text) refers to discoveryf4utils.o(.data) for GPIO_PORT
    codec.o(.text) refers to stm32f4xx_gpio.o(.text) for GPIO_StructInit
    codec.o(.text) refers to stm32f4xx_rcc.o(.text) for RCC_AHB1PeriphClockCmd
    codec.o(.text) refers to stm32f4xx_spi.o(.text) for SPI_I2S_DeInit
    codec.o(.text) refers to stm32f4xx_i2c.o(.text) for I2C_DeInit
    codec.o(.text) refers to codec.o(.bss) for I2S_InitType
    croutine.o(.text) refers to list.o(.text) for vListInitialise
    croutine.o(.text) refers to heap_2.o(.text) for pvPortMalloc
    croutine.o(.text) refers to port.o(.emb_text) for ulPortSetInterruptMask
    croutine.o(.text) refers to tasks.o(.text) for xTaskGetTickCount
    croutine.o(.text) refers to croutine.o(.bss) for pxReadyCoRoutineLists
    croutine.o(.text) refers to croutine.o(.data) for pxDelayedCoRoutineList
    event_groups.o(.text) refers to heap_2.o(.text) for pvPortMalloc
    event_groups.o(.text) refers to list.o(.text) for vListInitialise
    event_groups.o(.text) refers to port.o(.emb_text) for ulPortSetInterruptMask
    event_groups.o(.text) refers to tasks.o(.text) for vTaskSuspendAll
    event_groups.o(.text) refers to port.o(.text) for vPortYield
    queue.o(.text) refers to port.o(.emb_text) for ulPortSetInterruptMask
    queue.o(.text) refers to port.o(.text) for vPortEnterCritical
    queue.o(.text) refers to tasks.o(.text) for xTaskRemoveFromEventList
    queue.o(.text) refers to list.o(.text) for vListInitialise
    queue.o(.text) refers to heap_2.o(.text) for pvPortMalloc
    queue.o(.text) refers to rt_memcpy_v6.o(.text) for __aeabi_memcpy
    queue.o(.text) refers to queue.o(.bss) for xQueueRegistry
[...]
    .data                                    0x20000000   Section       20  system_stm32f4xx.o(.data)
    .data                                    0x20000018   Section      104  main.o(.data)
    .data                                    0x20000080   Section       36  discoveryf4utils.o(.data)
    .data                                    0x200000a4   Section       56  tasks.o(.data)
    pxDelayedTaskList                        0x200000a8   Data           4  tasks.o(.data)
    pxOverflowDelayedTaskList                0x200000ac   Data           4  tasks.o(.data)
    uxTasksDeleted                           0x200000b0   Data           4  tasks.o(.data)
    uxCurrentNumberOfTasks                   0x200000b4   Data           4  tasks.o(.data)
    xTickCount                               0x200000b8   Data           4  tasks.o(.data)
    uxTopReadyPriority                       0x200000bc   Data           4  tasks.o(.data)
    xSchedulerRunning                        0x200000c0   Data           4  tasks.o(.data)
    uxPendedTicks                            0x200000c4   Data           4  tasks.o(.data)
    xYieldPending                            0x200000c8   Data           4  tasks.o(.data)
    xNumOfOverflows                          0x200000cc   Data           4  tasks.o(.data)
    uxTaskNumber                             0x200000d0   Data           4  tasks.o(.data)
    xNextTaskUnblockTime                     0x200000d4   Data           4  tasks.o(.data)
    uxSchedulerSuspended                     0x200000d8   Data           4  tasks.o(.data)
    .data                                    0x200000dc   Section       16  timers.o(.data)
    pxCurrentTimerList                       0x200000dc   Data           4  timers.o(.data)
    pxOverflowTimerList                      0x200000e0   Data           4  timers.o(.data)
    xTimerQueue                              0x200000e4   Data           4  timers.o(.data)
    xLastTime                                0x200000e8   Data           4  timers.o(.data)
    .data                                    0x200000ec   Section       12  port.o(.data)
    uxCriticalNesting                        0x200000ec   Data           4  port.o(.data)
    ucMaxSysCallPriority                     0x200000f0   Data           1  port.o(.data)
    ulMaxPRIGROUPValue                       0x200000f4   Data           4  port.o(.data)
    .data                                    0x200000f8   Section       24  heap_2.o(.data)
    xStart                                   0x200000f8   Data           8  heap_2.o(.data)
    xEnd                                     0x20000100   Data           8  heap_2.o(.data)
    xFreeBytesRemaining                      0x20000108   Data           4  heap_2.o(.data)
    xHeapHasBeenInitialised                  0x2000010c   Data           4  heap_2.o(.data)
    .data                                    0x20000110   Section       16  stm32f4xx_rcc.o(.data)
    APBAHBPrescTable                         0x20000110   Data          16  stm32f4xx_rcc.o(.data)
    .bss                                     0x20000120   Section       80  main.o(.bss)
    .bss                                     0x20000170   Section       32  codec.o(.bss)
    .bss                                     0x20000190   Section       64  queue.o(.bss)
    .bss                                     0x200001d0   Section      200  tasks.o(.bss)
    pxReadyTasksLists                        0x200001d0   Data         100  tasks.o(.bss)
    xDelayedTaskList1                        0x20000234   Data          20  tasks.o(.bss)
    xDelayedTaskList2                        0x20000248   Data          20  tasks.o(.bss)
    xPendingReadyList                        0x2000025c   Data          20  tasks.o(.bss)
    xTasksWaitingTermination                 0x20000270   Data          20  tasks.o(.bss)
    xSuspendedTaskList                       0x20000284   Data          20  tasks.o(.bss)
    .bss                                     0x20000298   Section       40  timers.o(.bss)
    xActiveTimerList1                        0x20000298   Data          20  timers.o(.bss)
    xActiveTimerList2                        0x200002ac   Data          20  timers.o(.bss)
    .bss                                     0x200002c0   Section    76800  heap_2.o(.bss)
    ucHeap                                   0x200002c0   Data       76800  heap_2.o(.bss)
    .bss                                     0x20012ec0   Section       96  libspace.o(.bss)
    HEAP                                     0x20012f20   Section      512  startup_stm32f4xx.o(HEAP)
    Heap_Mem                                 0x20012f20   Data         512  startup_stm32f4xx.o(HEAP)
    STACK                                    0x20013120   Section     1024  startup_stm32f4xx.o(STACK)
    Stack_Mem                                0x20013120   Data        1024  startup_stm32f4xx.o(STACK)
    __initial_sp                             0x20013520   Data           0  startup_stm32f4xx.o(STACK)

    Global Symbols

    Symbol Name                              Value     Ov Type        Size  Object(Section)

    BuildAttributes$$THM_ISAv4$E$P$D$K$B$S$7EM$VFPi3$EXTD16$VFPS$VFMA$PE$A:L22UL41UL21$X:L11$S22US41US21$IEEE1$IW$USESV6$~STKCKD$USESV7$~SHL$OSPACE$ROPI$EBA8$UX$STANDARDLIB$REQ8$PRES8$EABIv2 0x00000000   Number         0  anon$$obj.o ABSOLUTE
    __ARM_use_no_argv                        0x00000000   Number         0  main.o ABSOLUTE
    __ARM_exceptions_init                     - Undefined Weak Reference
    __alloca_initialize                       - Undefined Weak Reference
    __arm_preinit_                            - Undefined Weak Reference
    __cpp_initialize__aeabi_                  - Undefined Weak Reference
    __cxa_finalize                            - Undefined Weak Reference
    __rt_locale                               - Undefined Weak Reference
    __sigvec_lookup                           - Undefined Weak Reference
    _atexit_init                              - Undefined Weak Reference
    _call_atexit_fns                          - Undefined Weak Reference
    _clock_init                               - Undefined Weak Reference
    _fp_trap_init                             - Undefined Weak Reference
    _fp_trap_shutdown                         - Undefined Weak Reference
    _get_lc_collate                           - Undefined Weak Reference
    _get_lc_ctype                             - Undefined Weak Reference
    _get_lc_monetary                          - Undefined Weak Reference
    _get_lc_numeric                           - Undefined Weak Reference
    _get_lc_time                              - Undefined Weak Reference
    _getenv_init                              - Undefined Weak Reference
    _handle_redirection                       - Undefined Weak Reference
    _init_alloc                               - Undefined Weak Reference
    _init_user_alloc                          - Undefined Weak Reference
    _initio                                   - Undefined Weak Reference
    _rand_init                                - Undefined Weak Reference
    _signal_finish                            - Undefined Weak Reference
    _signal_init                              - Undefined Weak Reference
    _terminate_alloc                          - Undefined Weak Reference
    _terminate_user_alloc                     - Undefined Weak Reference
    _terminateio                              - Undefined Weak Reference
    __Vectors_Size                           0x00000188   Number         0  startup_stm32f4xx.o ABSOLUTE
    __Vectors                                0x08000000   Data           4  startup_stm32f4xx.o(RESET)
    __Vectors_End                            0x08000188   Data           0  startup_stm32f4xx.o(RESET)
    __main                                   0x08000189   Thumb Code     8  __main.o(!!!main)
    __scatterload                            0x08000191   Thumb Code     0  __scatter.o(!!!scatter)
    __scatterload_rt2                        0x08000191   Thumb Code    44  __scatter.o(!!!scatter)
    __scatterload_rt2_thumb_only             0x08000191   Thumb Code     0  __scatter.o(!!!scatter)
    __scatterload_null                       0x0800019f   Thumb Code     0  __scatter.o(!!!scatter)
    __scatterload_copy                       0x080001c5   Thumb Code    26  __scatter_copy.o(!!handler_copy)
    __scatterload_zeroinit                   0x080001e1   Thumb Code    28  __scatter_zi.o(!!handler_zi)
    __rt_lib_init                            0x080001fd   Thumb Code     0  libinit.o(.ARM.Collect$$libinit$$00000000)
    __rt_lib_init_fp_1                       0x080001ff   Thumb Code     0  libinit2.o(.ARM.Collect$$libinit$$00000001)
    __rt_lib_init_alloca_1                   0x08000203   Thumb Code     0  libinit2.o(.ARM.Collect$$libinit$$0000002E)
    __rt_lib_init_argv_1                     0x08000203   Thumb Code     0  libinit2.o(.ARM.Collect$$libinit$$0000002C)
    __rt_lib_init_atexit_1                   0x08000203   Thumb Code     0  libinit2.o(.ARM.Collect$$libinit$$0000001B)
    __rt_lib_init_clock_1                    0x08000203   Thumb Code     0  libinit2.o(.ARM.Collect$$libinit$$00000021)
    __rt_lib_init_cpp_1                      0x08000203   Thumb Code     0  libinit2.o(.ARM.Collect$$libinit$$00000032)
    __rt_lib_init_exceptions_1               0x08000203   Thumb Code     0  libinit2.o(.ARM.Collect$$libinit$$00000030)
    __rt_lib_init_fp_trap_1                  0x08000203   Thumb Code     0  libinit2.o(.ARM.Collect$$libinit$$0000001F)
    __rt_lib_init_getenv_1                   0x08000203   Thumb Code     0  libinit2.o(.ARM.Collect$$libinit$$00000023)
    __rt_lib_init_heap_1                     0x08000203   Thumb Code     0  libinit2.o(.ARM.Collect$$libinit$$0000000A)
    __rt_lib_init_lc_collate_1               0x08000203   Thumb Code     0  libinit2.o(.ARM.Collect$$libinit$$00000011)
    __rt_lib_init_lc_ctype_1                 0x08000203   Thumb Code     0  libinit2.o(.ARM.Collect$$libinit$$00000013)
    __rt_lib_init_lc_monetary_1              0x08000203   Thumb Code     0  libinit2.o(.ARM.Collect$$libinit$$00000015)
    __rt_lib_init_lc_numeric_1               0x08000203   Thumb Code     0  libinit2.o(.ARM.Collect$$libinit$$00000017)
    __rt_lib_init_lc_time_1                  0x08000203   Thumb Code     0  libinit2.o(.ARM.Collect$$libinit$$00000019)
    __rt_lib_init_preinit_1                  0x08000203   Thumb Code     0  libinit2.o(.ARM.Collect$$libinit$$00000004)
    __rt_lib_init_rand_1                     0x08000203   Thumb Code     0  libinit2.o(.ARM.Collect$$libinit$$0000000E)
    __rt_lib_init_return                     0x08000203   Thumb Code     0  libinit2.o(.ARM.Collect$$libinit$$00000033)
    __rt_lib_init_signal_1                   0x08000203   Thumb Code     0  libinit2.o(.ARM.Collect$$libinit$$0000001D)
    __rt_lib_init_stdio_1                    0x08000203   Thumb Code     0  libinit2.o(.ARM.Collect$$libinit$$00000025)
    __rt_lib_init_user_alloc_1               0x08000203   Thumb Code     0  libinit2.o(.ARM.Collect$$libinit$$0000000C)
    __rt_lib_shutdown                        0x08000205   Thumb Code     0  libshutdown.o(.ARM.Collect$$libshutdown$$00000000)
    __rt_lib_shutdown_cpp_1                  0x08000207   Thumb Code     0  libshutdown2.o(.ARM.Collect$$libshutdown$$00000002)
    __rt_lib_shutdown_fp_trap_1              0x08000207   Thumb Code     0  libshutdown2.o(.ARM.Collect$$libshutdown$$00000007)
    __rt_lib_shutdown_heap_1                 0x08000207   Thumb Code     0  libshutdown2.o(.ARM.Collect$$libshutdown$$0000000F)
    __rt_lib_shutdown_return                 0x08000207   Thumb Code     0  libshutdown2.o(.ARM.Collect$$libshutdown$$00000010)
    __rt_lib_shutdown_signal_1               0x08000207   Thumb Code     0  libshutdown2.o(.ARM.Collect$$libshutdown$$0000000A)
    __rt_lib_shutdown_stdio_1                0x08000207   Thumb Code     0  libshutdown2.o(.ARM.Collect$$libshutdown$$00000004)
    __rt_lib_shutdown_user_alloc_1           0x08000207   Thumb Code     0  libshutdown2.o(.ARM.Collect$$libshutdown$$0000000C)
    __rt_entry                               0x08000209   Thumb Code     0  __rtentry.o(.ARM.Collect$$rtentry$$00000000)
    __rt_entry_presh_1                       0x08000209   Thumb Code     0  __rtentry2.o(.ARM.Collect$$rtentry$$00000002)
    __rt_entry_sh                            0x08000209   Thumb Code     0  __rtentry4.o(.ARM.Collect$$rtentry$$00000004)
    __rt_entry_li                            0x0800020f   Thumb Code     0  __rtentry2.o(.ARM.Collect$$rtentry$$0000000A)
    __rt_entry_postsh_1                      0x0800020f   Thumb Code     0  __rtentry2.o(.ARM.Collect$$rtentry$$00000009)
    __rt_entry_main                          0x08000213   Thumb Code     0  __rtentry2.o(.ARM.Collect$$rtentry$$0000000D)
    __rt_entry_postli_1                      0x08000213   Thumb Code     0  __rtentry2.o(.ARM.Collect$$rtentry$$0000000C)
    __rt_exit                                0x0800021b   Thumb Code     0  rtexit.o(.ARM.Collect$$rtexit$$00000000)
    __rt_exit_ls                             0x0800021d   Thumb Code     0  rtexit2.o(.ARM.Collect$$rtexit$$00000003)
    __rt_exit_prels_1                        0x0800021d   Thumb Code     0  rtexit2.o(.ARM.Collect$$rtexit$$00000002)
    __rt_exit_exit                           0x08000221   Thumb Code     0  rtexit2.o(.ARM.Collect$$rtexit$$00000004)
    SVC_Handler                              0x08000229   Thumb Code    28  port.o(.emb_text)
    __asm___6_port_c_39a90d8d__prvStartFirstTask 0x08000249   Thumb Code    28  port.o(.emb_text)
    __asm___6_port_c_39a90d8d__prvEnableVFP  0x08000269   Thumb Code    16  port.o(.emb_text)
    PendSV_Handler                           0x0800027d   Thumb Code    84  port.o(.emb_text)
    ulPortSetInterruptMask                   0x080002d5   Thumb Code    14  port.o(.emb_text)
    vPortClearInterruptMask                  0x080002e3   Thumb Code     6  port.o(.emb_text)
    vPortGetIPSR                             0x080002e9   Thumb Code     6  port.o(.emb_text)
    Reset_Handler                            0x080002f1   Thumb Code     8  startup_stm32f4xx.o(.text)
    ADC_IRQHandler                           0x0800030b   Thumb Code     0  startup_stm32f4xx.o(.text)
    CAN1_RX0_IRQHandler                      0x0800030b   Thumb Code     0  startup_stm32f4xx.o(.text)
    CAN1_RX1_IRQHandler                      0x0800030b   Thumb Code     0  startup_stm32f4xx.o(.text)
    CAN1_SCE_IRQHandler                      0x0800030b   Thumb Code     0  startup_stm32f4xx.o(.text)
    CAN1_TX_IRQHandler                       0x0800030b   Thumb Code     0  startup_stm32f4xx.o(.text)
    CAN2_RX0_IRQHandler                      0x0800030b   Thumb Code     0  startup_stm32f4xx.o(.text)
    CAN2_RX1_IRQHandler                      0x0800030b   Thumb Code     0  startup_stm32f4xx.o(.text)
    CAN2_SCE_IRQHandler                      0x0800030b   Thumb Code     0  startup_stm32f4xx.o(.text)
    CAN2_TX_IRQHandler                       0x0800030b   Thumb Code     0  startup_stm32f4xx.o(.text)
    CRYP_IRQHandler                          0x0800030b   Thumb Code     0  startup_stm32f4xx.o(.text)
    DCMI_IRQHandler                          0x0800030b   Thumb Code     0  startup_stm32f4xx.o(.text)
    DMA1_Stream0_IRQHandler                  0x0800030b   Thumb Code     0  startup_stm32f4xx.o(.text)
    DMA1_Stream1_IRQHandler                  0x0800030b   Thumb Code     0  startup_stm32f4xx.o(.text)
    DMA1_Stream2_IRQHandler                  0x0800030b   Thumb Code     0  startup_stm32f4xx.o(.text)
    DMA1_Stream3_IRQHandler                  0x0800030b   Thumb Code     0  startup_stm32f4xx.o(.text)
    DMA1_Stream4_IRQHandler                  0x0800030b   Thumb Code     0  startup_stm32f4xx.o(.text)
    DMA1_Stream5_IRQHandler                  0x0800030b   Thumb Code     0  startup_stm32f4xx.o(.text)
    DMA1_Stream6_IRQHandler                  0x0800030b   Thumb Code     0  startup_stm32f4xx.o(.text)
    DMA1_Stream7_IRQHandler                  0x0800030b   Thumb Code     0  startup_stm32f4xx.o(.text)
    DMA2_Stream0_IRQHandler                  0x0800030b   Thumb Code     0  startup_stm32f4xx.o(.text)
    DMA2_Stream1_IRQHandler                  0x0800030b   Thumb Code     0  startup_stm32f4xx.o(.text)
    DMA2_Stream2_IRQHandler                  0x0800030b   Thumb Code     0  startup_stm32f4xx.o(.text)
    DMA2_Stream3_IRQHandler                  0x0800030b   Thumb Code     0  startup_stm32f4xx.o(.text)
    DMA2_Stream4_IRQHandler                  0x0800030b   Thumb Code     0  startup_stm32f4xx.o(.text)
    DMA2_Stream5_IRQHandler                  0x0800030b   Thumb Code     0  startup_stm32f4xx.o(.text)
    DMA2_Stream6_IRQHandler                  0x0800030b   Thumb Code     0  startup_stm32f4xx.o(.text)
    DMA2_Stream7_IRQHandler                  0x0800030b   Thumb Code     0  startup_stm32f4xx.o(.text)
    ETH_IRQHandler                           0x0800030b   Thumb Code     0  startup_stm32f4xx.o(.text)
    ETH_WKUP_IRQHandler                      0x0800030b   Thumb Code     0  startup_stm32f4xx.o(.text)
    EXTI0_IRQHandler                         0x0800030b   Thumb Code     0  startup_stm32f4xx.o(.text)
    EXTI15_10_IRQHandler                     0x0800030b   Thumb Code     0  startup_stm32f4xx.o(.text)
    EXTI1_IRQHandler                         0x0800030b   Thumb Code     0  startup_stm32f4xx.o(.text)
    EXTI2_IRQHandler                         0x0800030b   Thumb Code     0  startup_stm32f4xx.o(.text)
    EXTI3_IRQHandler                         0x0800030b   Thumb Code     0  startup_stm32f4xx.o(.text)
    EXTI4_IRQHandler                         0x0800030b   Thumb Code     0  startup_stm32f4xx.o(.text)
    EXTI9_5_IRQHandler                       0x0800030b   Thumb Code     0  startup_stm32f4xx.o(.text)
    FLASH_IRQHandler                         0x0800030b   Thumb Code     0  startup_stm32f4xx.o(.text)
    FPU_IRQHandler                           0x0800030b   Thumb Code     0  startup_stm32f4xx.o(.text)
    FSMC_IRQHandler                          0x0800030b   Thumb Code     0  startup_stm32f4xx.o(.text)
    HASH_RNG_IRQHandler                      0x0800030b   Thumb Code     0  startup_stm32f4xx.o(.text)
    I2C1_ER_IRQHandler                       0x0800030b   Thumb Code     0  startup_stm32f4xx.o(.text)
    I2C1_EV_IRQHandler                       0x0800030b   Thumb Code     0  startup_stm32f4xx.o(.text)
    I2C2_ER_IRQHandler                       0x0800030b   Thumb Code     0  startup_stm32f4xx.o(.text)
    I2C2_EV_IRQHandler                       0x0800030b   Thumb Code     0  startup_stm32f4xx.o(.text)
    I2C3_ER_IRQHandler                       0x0800030b   Thumb Code     0  startup_stm32f4xx.o(.text)
    I2C3_EV_IRQHandler                       0x0800030b   Thumb Code     0  startup_stm32f4xx.o(.text)
    OTG_FS_IRQHandler                        0x0800030b   Thumb Code     0  startup_stm32f4xx.o(.text)
    OTG_FS_WKUP_IRQHandler                   0x0800030b   Thumb Code     0  startup_stm32f4xx.o(.text)
    OTG_HS_EP1_IN_IRQHandler                 0x0800030b   Thumb Code     0  startup_stm32f4xx.o(.text)
    OTG_HS_EP1_OUT_IRQHandler                0x0800030b   Thumb Code     0  startup_stm32f4xx.o(.text)
    OTG_HS_IRQHandler                        0x0800030b   Thumb Code     0  startup_stm32f4xx.o(.text)
    OTG_HS_WKUP_IRQHandler                   0x0800030b   Thumb Code     0  startup_stm32f4xx.o(.text)
    PVD_IRQHandler                           0x0800030b   Thumb Code     0  startup_stm32f4xx.o(.text)
    RCC_IRQHandler                           0x0800030b   Thumb Code     0  startup_stm32f4xx.o(.text)
    RTC_Alarm_IRQHandler                     0x0800030b   Thumb Code     0  startup_stm32f4xx.o(.text)
    RTC_WKUP_IRQHandler                      0x0800030b   Thumb Code     0  startup_stm32f4xx.o(.text)
    SDIO_IRQHandler                          0x0800030b   Thumb Code     0  startup_stm32f4xx.o(.text)
    SPI1_IRQHandler                          0x0800030b   Thumb Code     0  startup_stm32f4xx.o(.text)
    SPI2_IRQHandler                          0x0800030b   Thumb Code     0  startup_stm32f4xx.o(.text)
    SPI3_IRQHandler                          0x0800030b   Thumb Code     0  startup_stm32f4xx.o(.text)
    TAMP_STAMP_IRQHandler                    0x0800030b   Thumb Code     0  startup_stm32f4xx.o(.text)
    TIM1_BRK_TIM9_IRQHandler                 0x0800030b   Thumb Code     0  startup_stm32f4xx.o(.text)
    TIM1_CC_IRQHandler                       0x0800030b   Thumb Code     0  startup_stm32f4xx.o(.text)
    TIM1_TRG_COM_TIM11_IRQHandler            0x0800030b   Thumb Code     0  startup_stm32f4xx.o(.text)
    TIM1_UP_TIM10_IRQHandler                 0x0800030b   Thumb Code     0  startup_stm32f4xx.o(.text)
    TIM4_IRQHandler                          0x0800030b   Thumb Code     0  startup_stm32f4xx.o(.text)
    TIM5_IRQHandler                          0x0800030b   Thumb Code     0  startup_stm32f4xx.o(.text)
    TIM6_DAC_IRQHandler                      0x0800030b   Thumb Code     0  startup_stm32f4xx.o(.text)
    TIM7_IRQHandler                          0x0800030b   Thumb Code     0  startup_stm32f4xx.o(.text)
    TIM8_BRK_TIM12_IRQHandler                0x0800030b   Thumb Code     0  startup_stm32f4xx.o(.text)
    TIM8_CC_IRQHandler                       0x0800030b   Thumb Code     0  startup_stm32f4xx.o(.text)
    TIM8_TRG_COM_TIM14_IRQHandler            0x0800030b   Thumb Code     0  startup_stm32f4xx.o(.text)
    TIM8_UP_TIM13_IRQHandler                 0x0800030b   Thumb Code     0  startup_stm32f4xx.o(.text)
    UART4_IRQHandler                         0x0800030b   Thumb Code     0  startup_stm32f4xx.o(.text)
    UART5_IRQHandler                         0x0800030b   Thumb Code     0  startup_stm32f4xx.o(.text)
    USART1_IRQHandler                        0x0800030b   Thumb Code     0  startup_stm32f4xx.o(.text)
    USART2_IRQHandler                        0x0800030b   Thumb Code     0  startup_stm32f4xx.o(.text)
    USART3_IRQHandler                        0x0800030b   Thumb Code     0  startup_stm32f4xx.o(.text)
    USART6_IRQHandler                        0x0800030b   Thumb Code     0  startup_stm32f4xx.o(.text)
    WWDG_IRQHandler                          0x0800030b   Thumb Code     0  startup_stm32f4xx.o(.text)
    __user_initial_stackheap                 0x0800030d   Thumb Code     0  startup_stm32f4xx.o(.text)
    SystemInit                               0x0800040d   Thumb Code    88  system_stm32f4xx.o(.text)
    SystemCoreClockUpdate                    0x08000465   Thumb Code   174  system_stm32f4xx.o(.text)
    InitLEDs                                 0x08000541   Thumb Code    40  main.o(.text)
    InitButton                               0x08000569   Thumb Code    38  main.o(.text)
    InitTimer_2                              0x0800058f   Thumb Code    60  main.o(.text)
    InitTimer_3                              0x080005cb   Thumb Code    60  main.o(.text)
    EnableTimer2Interrupt                    0x08000607   Thumb Code    32  main.o(.text)
    EnableTimer3Interrupt                    0x08000627   Thumb Code    32  main.o(.text)
    initFilter                               0x08000647   Thumb Code    96  main.o(.text)
    InitSound                                0x080006a7   Thumb Code    72  main.o(.text)
    LEDOn                                    0x080006ef   Thumb Code    14  main.o(.text)
    LEDOff                                   0x080006fd   Thumb Code    14  main.o(.text)
    TIM2_IRQHandler                          0x0800070b   Thumb Code   140  main.o(.text)
    TIM3_IRQHandler                          0x08000797   Thumb Code    56  main.o(.text)
    CanUpdateClickState                      0x080007cf   Thumb Code    44  main.o(.text)
    UpdateIngredientTiming                   0x080007fb   Thumb Code    52  main.o(.text)
    UpdateTimingStatus                       0x0800082f   Thumb Code   120  main.o(.text)
    DisplayCountdown                         0x080008a7   Thumb Code   112  main.o(.text)
    UpdateProgrammingStatus                  0x08000917   Thumb Code   260  main.o(.text)
    UpdateBrewingStatus                      0x08000a1b   Thumb Code   118  main.o(.text)
    UpdateNeutralStatus                      0x08000a91   Thumb Code    52  main.o(.text)
    UpdateMachineStatus                      0x08000ac5   Thumb Code    48  main.o(.text)
    ShowUpdateTimingLED                      0x08000af5   Thumb Code    82  main.o(.text)
    ShowProgrammingLED                       0x08000b47   Thumb Code   106  main.o(.text)
    ShowSelectingLED                         0x08000bb1   Thumb Code    98  main.o(.text)
    ShowNeutralLED                           0x08000c13   Thumb Code    36  main.o(.text)
    ShowLED                                  0x08000c37   Thumb Code    48  main.o(.text)
    vMainTask                                0x08000c67   Thumb Code    12  main.o(.text)
    vServoTask                               0x08000c73   Thumb Code    12  main.o(.text)
    initSound                                0x08000c7f   Thumb Code    72  main.o(.text)
    updateFilter                             0x08000cc7   Thumb Code    88  main.o(.text)
    vSoundTask                               0x08000d1f   Thumb Code   356  main.o(.text)
    vButtonTask                              0x08000e83   Thumb Code   110  main.o(.text)
    SetupPWM                                 0x08000ef1   Thumb Code    68  main.o(.text)
    InitPWMTimer4                            0x08000f35   Thumb Code    54  main.o(.text)
    initServo                                0x08000f6b   Thumb Code    68  main.o(.text)
    main                                     0x08000faf   Thumb Code   208  main.o(.text)
    STM_EVAL_LEDInit                         0x08001109   Thumb Code    62  discoveryf4utils.o(.text)
    STM_EVAL_LEDOn                           0x08001147   Thumb Code    16  discoveryf4utils.o(.text)
    STM_EVAL_LEDOff                          0x08001157   Thumb Code    16  discoveryf4utils.o(.text)
    STM_EVAL_LEDToggle                       0x08001167   Thumb Code    26  discoveryf4utils.o(.text)
    STM_EVAL_PBInit                          0x08001181   Thumb Code   140  discoveryf4utils.o(.text)
    STM_EVAL_PBGetState                      0x0800120d   Thumb Code    22  discoveryf4utils.o(.text)
    STM_EVAL_COMInit                         0x08001223   Thumb Code   182  discoveryf4utils.o(.text)
    NMI_Handler                              0x08001331   Thumb Code     2  stm32f4xx_it.o(.text)
    HardFault_Handler                        0x08001333   Thumb Code     4  stm32f4xx_it.o(.text)
    MemManage_Handler                        0x08001337   Thumb Code     4  stm32f4xx_it.o(.text)
    BusFault_Handler                         0x0800133b   Thumb Code     4  stm32f4xx_it.o(.text)
    UsageFault_Handler                       0x0800133f   Thumb Code     4  stm32f4xx_it.o(.text)
    DebugMon_Handler                         0x08001343   Thumb Code     2  stm32f4xx_it.o(.text)
    codec_init                               0x08001345   Thumb Code   310  codec.o(.text)
    send_codec_ctrl                          0x0800147b   Thumb Code   130  codec.o(.text)
    read_codec_register                      0x080014fd   Thumb Code   206  codec.o(.text)
    codec_ctrl_init                          0x080015cb   Thumb Code   346  codec.o(.text)
    vListInitialise                          0x08001759   Thumb Code    26  list.o(.text)
    vListInitialiseItem                      0x08001773   Thumb Code     6  list.o(.text)
    vListInsertEnd                           0x08001779   Thumb Code    24  list.o(.text)
    vListInsert                              0x08001791   Thumb Code    52  list.o(.text)
    uxListRemove                             0x080017c5   Thumb Code    40  list.o(.text)
    xQueueGenericReset                       0x080017ed   Thumb Code   120  queue.o(.text)
    xQueueGenericCreate                      0x08001865   Thumb Code    92  queue.o(.text)
    xQueueGenericSend                        0x080019dd   Thumb Code   322  queue.o(.text)
    xQueueCreateMutex                        0x08001b1f   Thumb Code    86  queue.o(.text)
    xQueueGiveMutexRecursive                 0x08001b75   Thumb Code    58  queue.o(.text)
    xQueueGenericReceive                     0x08001bf3   Thumb Code   346  queue.o(.text)
    xQueueTakeMutexRecursive                 0x08001d4d   Thumb Code    70  queue.o(.text)
    xQueueCreateCountingSemaphore            0x08001d93   Thumb Code    74  queue.o(.text)
    xQueueGenericSendFromISR                 0x08001ddd   Thumb Code   180  queue.o(.text)
    xQueueReceiveFromISR                     0x08001e91   Thumb Code   136  queue.o(.text)
    xQueuePeekFromISR                        0x08001f19   Thumb Code    90  queue.o(.text)
    uxQueueMessagesWaiting                   0x08001f73   Thumb Code    28  queue.o(.text)
    uxQueueSpacesAvailable                   0x08001f8f   Thumb Code    34  queue.o(.text)
    uxQueueMessagesWaitingFromISR            0x08001fb1   Thumb Code    20  queue.o(.text)
    vQueueUnregisterQueue                    0x08001fc5   Thumb Code    38  queue.o(.text)
    vQueueDelete                             0x08001feb   Thumb Code    40  queue.o(.text)
    uxQueueGetQueueNumber                    0x08002013   Thumb Code     6  queue.o(.text)
    vQueueSetQueueNumber                     0x08002019   Thumb Code     4  queue.o(.text)
    ucQueueGetQueueType                      0x0800201d   Thumb Code     8  queue.o(.text)
    xQueueIsQueueEmptyFromISR                0x08002025   Thumb Code    28  queue.o(.text)
    xQueueIsQueueFullFromISR                 0x08002041   Thumb Code    32  queue.o(.text)
    vQueueAddToRegistry                      0x08002061   Thumb Code    38  queue.o(.text)
    vQueueWaitForMessageRestricted           0x08002087   Thumb Code    58  queue.o(.text)
    xTaskGenericCreate                       0x0800219f   Thumb Code   288  tasks.o(.text)
    vTaskDelete                              0x080022e9   Thumb Code   160  tasks.o(.text)
    xTaskIncrementTick                       0x08002389   Thumb Code   272  tasks.o(.text)
    xTaskResumeAll                           0x08002499   Thumb Code   282  tasks.o(.text)
    vTaskSuspendAll                          0x080025f1   Thumb Code    12  tasks.o(.text)
    vTaskDelayUntil                          0x080025fd   Thumb Code   176  tasks.o(.text)
    vTaskDelay                               0x080026ad   Thumb Code    94  tasks.o(.text)
    uxTaskPriorityGet                        0x0800270b   Thumb Code    30  tasks.o(.text)
    vTaskPrioritySet                         0x08002729   Thumb Code   234  tasks.o(.text)
    vTaskSwitchContext                       0x08002813   Thumb Code   106  tasks.o(.text)
    vTaskSuspend                             0x0800287d   Thumb Code   228  tasks.o(.text)
    vTaskResume                              0x080029a5   Thumb Code   104  tasks.o(.text)
    xTaskResumeFromISR                       0x08002a0d   Thumb Code   126  tasks.o(.text)
    vTaskStartScheduler                      0x08002b07   Thumb Code    74  tasks.o(.text)
    vTaskEndScheduler                        0x08002b51   Thumb Code    18  tasks.o(.text)
    xTaskGetTickCount                        0x08002b63   Thumb Code    18  tasks.o(.text)
    xTaskGetTickCountFromISR                 0x08002b75   Thumb Code    26  tasks.o(.text)
    uxTaskGetNumberOfTasks                   0x08002b8f   Thumb Code     6  tasks.o(.text)
    uxTaskGetSystemState                     0x08002c5b   Thumb Code   132  tasks.o(.text)
    vTaskPlaceOnEventList                    0x08002cdf   Thumb Code   162  tasks.o(.text)
    vTaskPlaceOnUnorderedEventList           0x08002d81   Thumb Code   132  tasks.o(.text)
    vTaskPlaceOnEventListRestricted          0x08002e05   Thumb Code    76  tasks.o(.text)
    xTaskRemoveFromEventList                 0x08002e51   Thumb Code   114  tasks.o(.text)
    xTaskRemoveFromUnorderedEventList        0x08002ec3   Thumb Code   126  tasks.o(.text)
    vTaskSetTimeOutState                     0x08002f41   Thumb Code    28  tasks.o(.text)
    xTaskCheckForTimeOut                     0x08002f5d   Thumb Code   108  tasks.o(.text)
    vTaskMissedYield                         0x08002fc9   Thumb Code     8  tasks.o(.text)
    uxTaskGetTaskNumber                      0x08002fd1   Thumb Code    14  tasks.o(.text)
    vTaskSetTaskNumber                       0x08002fdf   Thumb Code     8  tasks.o(.text)
    xTaskGetCurrentTaskHandle                0x08002fe7   Thumb Code     6  tasks.o(.text)
    xTaskGetSchedulerState                   0x08002fed   Thumb Code    24  tasks.o(.text)
    vTaskPriorityInherit                     0x08003005   Thumb Code   164  tasks.o(.text)
    xTaskPriorityDisinherit                  0x080030a9   Thumb Code   136  tasks.o(.text)
    uxTaskResetEventItemValue                0x08003131   Thumb Code    24  tasks.o(.text)
    pvTaskIncrementMutexHeldCount            0x08003149   Thumb Code    68  tasks.o(.text)
    xTimerGenericCommand                     0x080031dd   Thumb Code   102  timers.o(.text)
    xTimerCreateTimerTask                    0x080034f7   Thumb Code    58  timers.o(.text)
    xTimerCreate                             0x08003531   Thumb Code    80  timers.o(.text)
    pcTimerGetTimerName                      0x08003581   Thumb Code     8  timers.o(.text)
    xTimerIsTimerActive                      0x08003589   Thumb Code    78  timers.o(.text)
    pvTimerGetTimerID                        0x080035d7   Thumb Code     8  timers.o(.text)
    pxPortInitialiseStack                    0x08003601   Thumb Code    34  port.o(.text)
    vPortSetupTimerInterrupt                 0x08003623   Thumb Code    26  port.o(.text)
    xPortStartScheduler                      0x0800363d   Thumb Code   156  port.o(.text)
    vPortEndScheduler                        0x080036d9   Thumb Code    30  port.o(.text)
    vPortYield                               0x080036f7   Thumb Code    20  port.o(.text)
    vPortEnterCritical                       0x0800370b   Thumb Code    62  port.o(.text)
    vPortExitCritical                        0x08003749   Thumb Code    40  port.o(.text)
    SysTick_Handler                          0x08003771   Thumb Code    30  port.o(.text)
    vPortValidateInterruptPriority           0x0800378f   Thumb Code    80  port.o(.text)
    pvPortMalloc                             0x08003827   Thumb Code   164  heap_2.o(.text)
    vPortFree                                0x080038cb   Thumb Code    56  heap_2.o(.text)
    xPortGetFreeHeapSize                     0x08003903   Thumb Code     6  heap_2.o(.text)
    vPortInitialiseBlocks                    0x08003909   Thumb Code     2  heap_2.o(.text)
    NVIC_PriorityGroupConfig                 0x08003925   Thumb Code    10  misc.o(.text)
    NVIC_Init                                0x0800392f   Thumb Code   106  misc.o(.text)
    NVIC_SetVectorTable                      0x08003999   Thumb Code    14  misc.o(.text)
    NVIC_SystemLPConfig                      0x080039a7   Thumb Code    34  misc.o(.text)
    SysTick_CLKSourceConfig                  0x080039c9   Thumb Code    40  misc.o(.text)
    EXTI_DeInit                              0x08003a05   Thumb Code    28  stm32f4xx_exti.o(.text)
    EXTI_Init                                0x08003a21   Thumb Code   142  stm32f4xx_exti.o(.text)
    EXTI_StructInit                          0x08003aaf   Thumb Code    16  stm32f4xx_exti.o(.text)
    EXTI_GenerateSWInterrupt                 0x08003abf   Thumb Code    16  stm32f4xx_exti.o(.text)
    EXTI_GetFlagStatus                       0x08003acf   Thumb Code    22  stm32f4xx_exti.o(.text)
    EXTI_ClearFlag                           0x08003ae5   Thumb Code     8  stm32f4xx_exti.o(.text)
    EXTI_GetITStatus                         0x08003aed   Thumb Code    22  stm32f4xx_exti.o(.text)
    EXTI_ClearITPendingBit                   0x08003b03   Thumb Code     8  stm32f4xx_exti.o(.text)
    GPIO_DeInit                              0x08003b15   Thumb Code   268  stm32f4xx_gpio.o(.text)
    GPIO_Init                                0x08003c21   Thumb Code   144  stm32f4xx_gpio.o(.text)
    GPIO_StructInit                          0x08003cb1   Thumb Code    18  stm32f4xx_gpio.o(.text)
    GPIO_PinLockConfig                       0x08003cc3   Thumb Code    34  stm32f4xx_gpio.o(.text)
    GPIO_ReadInputDataBit                    0x08003ce5   Thumb Code    18  stm32f4xx_gpio.o(.text)
    GPIO_ReadInputData                       0x08003cf7   Thumb Code     8  stm32f4xx_gpio.o(.text)
    GPIO_ReadOutputDataBit                   0x08003cff   Thumb Code    18  stm32f4xx_gpio.o(.text)
    GPIO_ReadOutputData                      0x08003d11   Thumb Code     8  stm32f4xx_gpio.o(.text)
    GPIO_SetBits                             0x08003d19   Thumb Code     4  stm32f4xx_gpio.o(.text)
    GPIO_ResetBits                           0x08003d1d   Thumb Code     4  stm32f4xx_gpio.o(.text)
    GPIO_WriteBit                            0x08003d21   Thumb Code    10  stm32f4xx_gpio.o(.text)
    GPIO_Write                               0x08003d2b   Thumb Code     4  stm32f4xx_gpio.o(.text)
    GPIO_ToggleBits                          0x08003d2f   Thumb Code     8  stm32f4xx_gpio.o(.text)
    GPIO_PinAFConfig                         0x08003d37   Thumb Code    70  stm32f4xx_gpio.o(.text)
    I2C_DeInit                               0x08003da9   Thumb Code    82  stm32f4xx_i2c.o(.text)
    I2C_Init                                 0x08003dfb   Thumb Code   218  stm32f4xx_i2c.o(.text)
    I2C_StructInit                           0x08003ed5   Thumb Code    30  stm32f4xx_i2c.o(.text)
    I2C_Cmd                                  0x08003ef3   Thumb Code    24  stm32f4xx_i2c.o(.text)
    I2C_AnalogFilterCmd                      0x08003f0b   Thumb Code    24  stm32f4xx_i2c.o(.text)
    I2C_DigitalFilterConfig                  0x08003f23   Thumb Code    22  stm32f4xx_i2c.o(.text)
    I2C_GenerateSTART                        0x08003f39   Thumb Code    24  stm32f4xx_i2c.o(.text)
    I2C_GenerateSTOP                         0x08003f51   Thumb Code    24  stm32f4xx_i2c.o(.text)
    I2C_Send7bitAddress                      0x08003f69   Thumb Code    16  stm32f4xx_i2c.o(.text)
    I2C_AcknowledgeConfig                    0x08003f79   Thumb Code    24  stm32f4xx_i2c.o(.text)
    I2C_OwnAddress2Config                    0x08003f91   Thumb Code    22  stm32f4xx_i2c.o(.text)
    I2C_DualAddressCmd                       0x08003fa7   Thumb Code    24  stm32f4xx_i2c.o(.text)
    I2C_GeneralCallCmd                       0x08003fbf   Thumb Code    24  stm32f4xx_i2c.o(.text)
    I2C_SoftwareResetCmd                     0x08003fd7   Thumb Code    22  stm32f4xx_i2c.o(.text)
    I2C_StretchClockCmd                      0x08003fed   Thumb Code    24  stm32f4xx_i2c.o(.text)
    I2C_FastModeDutyCycleConfig              0x08004005   Thumb Code    28  stm32f4xx_i2c.o(.text)
    I2C_NACKPositionConfig                   0x08004021   Thumb Code    28  stm32f4xx_i2c.o(.text)
    I2C_SMBusAlertConfig                     0x0800403d   Thumb Code    28  stm32f4xx_i2c.o(.text)
    I2C_ARPCmd                               0x08004059   Thumb Code    24  stm32f4xx_i2c.o(.text)
    I2C_SendData                             0x08004071   Thumb Code     4  stm32f4xx_i2c.o(.text)
    I2C_ReceiveData                          0x08004075   Thumb Code     8  stm32f4xx_i2c.o(.text)
    I2C_TransmitPEC                          0x0800407d   Thumb Code    24  stm32f4xx_i2c.o(.text)
    I2C_PECPositionConfig                    0x08004095   Thumb Code    28  stm32f4xx_i2c.o(.text)
    I2C_CalculatePEC                         0x080040b1   Thumb Code    24  stm32f4xx_i2c.o(.text)
    I2C_GetPEC                               0x080040c9   Thumb Code     8  stm32f4xx_i2c.o(.text)
    I2C_DMACmd                               0x080040d1   Thumb Code    24  stm32f4xx_i2c.o(.text)
    I2C_DMALastTransferCmd                   0x080040e9   Thumb Code    24  stm32f4xx_i2c.o(.text)
    I2C_ReadRegister                         0x08004101   Thumb Code    22  stm32f4xx_i2c.o(.text)
    I2C_ITConfig                             0x08004117   Thumb Code    18  stm32f4xx_i2c.o(.text)
    I2C_CheckEvent                           0x08004129   Thumb Code    42  stm32f4xx_i2c.o(.text)
    I2C_GetLastEvent                         0x08004153   Thumb Code    26  stm32f4xx_i2c.o(.text)
    I2C_GetFlagStatus                        0x0800416d   Thumb Code    84  stm32f4xx_i2c.o(.text)
    I2C_ClearFlag                            0x080041c1   Thumb Code    12  stm32f4xx_i2c.o(.text)
    I2C_GetITStatus                          0x080041cd   Thumb Code    38  stm32f4xx_i2c.o(.text)
    I2C_ClearITPendingBit                    0x080041f3   Thumb Code    12  stm32f4xx_i2c.o(.text)
    RCC_DeInit                               0x08004201   Thumb Code    82  stm32f4xx_rcc.o(.text)
    RCC_HSEConfig                            0x08004253   Thumb Code    14  stm32f4xx_rcc.o(.text)
    RCC_GetFlagStatus                        0x08004261   Thumb Code    60  stm32f4xx_rcc.o(.text)
    RCC_WaitForHSEStartUp                    0x0800429d   Thumb Code    56  stm32f4xx_rcc.o(.text)
    RCC_AdjustHSICalibrationValue            0x080042d5   Thumb Code    20  stm32f4xx_rcc.o(.text)
    RCC_HSICmd                               0x080042e9   Thumb Code     6  stm32f4xx_rcc.o(.text)
    RCC_LSEConfig                            0x080042ef   Thumb Code    46  stm32f4xx_rcc.o(.text)
    RCC_LSICmd                               0x0800431d   Thumb Code     6  stm32f4xx_rcc.o(.text)
    RCC_PLLConfig                            0x08004323   Thumb Code    32  stm32f4xx_rcc.o(.text)
    RCC_PLLCmd                               0x08004343   Thumb Code     6  stm32f4xx_rcc.o(.text)
    RCC_PLLI2SConfig                         0x08004349   Thumb Code    14  stm32f4xx_rcc.o(.text)
    RCC_PLLI2SCmd                            0x08004357   Thumb Code     6  stm32f4xx_rcc.o(.text)
    RCC_PLLSAIConfig                         0x0800435d   Thumb Code    20  stm32f4xx_rcc.o(.text)
    RCC_PLLSAICmd                            0x08004371   Thumb Code     6  stm32f4xx_rcc.o(.text)
    RCC_ClockSecuritySystemCmd               0x08004377   Thumb Code     6  stm32f4xx_rcc.o(.text)
    RCC_MCO1Config                           0x0800437d   Thumb Code    28  stm32f4xx_rcc.o(.text)
    RCC_MCO2Config                           0x08004399   Thumb Code    28  stm32f4xx_rcc.o(.text)
    RCC_SYSCLKConfig                         0x080043b5   Thumb Code    20  stm32f4xx_rcc.o(.text)
    RCC_GetSYSCLKSource                      0x080043c9   Thumb Code    12  stm32f4xx_rcc.o(.text)
    RCC_HCLKConfig                           0x080043d5   Thumb Code    20  stm32f4xx_rcc.o(.text)
    RCC_PCLK1Config                          0x080043e9   Thumb Code    20  stm32f4xx_rcc.o(.text)
    RCC_PCLK2Config                          0x080043fd   Thumb Code    22  stm32f4xx_rcc.o(.text)
    RCC_GetClocksFreq                        0x08004413   Thumb Code   222  stm32f4xx_rcc.o(.text)
    RCC_RTCCLKConfig                         0x080044f1   Thumb Code    54  stm32f4xx_rcc.o(.text)
    RCC_RTCCLKCmd                            0x08004527   Thumb Code     8  stm32f4xx_rcc.o(.text)
    RCC_BackupResetCmd                       0x0800452f   Thumb Code     8  stm32f4xx_rcc.o(.text)
    RCC_I2SCLKConfig                         0x08004537   Thumb Code     6  stm32f4xx_rcc.o(.text)
    RCC_SAIPLLI2SClkDivConfig                0x0800453d   Thumb Code    26  stm32f4xx_rcc.o(.text)
    RCC_SAIPLLSAIClkDivConfig                0x08004557   Thumb Code    28  stm32f4xx_rcc.o(.text)
    RCC_SAIBlockACLKConfig                   0x08004573   Thumb Code    20  stm32f4xx_rcc.o(.text)
    RCC_SAIBlockBCLKConfig                   0x08004587   Thumb Code    20  stm32f4xx_rcc.o(.text)
    RCC_LTDCCLKDivConfig                     0x0800459b   Thumb Code    20  stm32f4xx_rcc.o(.text)
    RCC_TIMCLKPresConfig                     0x080045af   Thumb Code     6  stm32f4xx_rcc.o(.text)
    RCC_AHB1PeriphClockCmd                   0x080045b5   Thumb Code    34  stm32f4xx_rcc.o(.text)
    RCC_AHB2PeriphClockCmd                   0x080045d7   Thumb Code    78  stm32f4xx_rcc.o(.text)
    RCC_AHB3PeriphClockCmd                   0x08004625   Thumb Code    34  stm32f4xx_rcc.o(.text)
    RCC_APB1PeriphClockCmd                   0x08004647   Thumb Code    34  stm32f4xx_rcc.o(.text)
    RCC_APB2PeriphClockCmd                   0x08004669   Thumb Code    34  stm32f4xx_rcc.o(.text)
    RCC_AHB1PeriphResetCmd                   0x0800468b   Thumb Code    34  stm32f4xx_rcc.o(.text)
    RCC_AHB2PeriphResetCmd                   0x080046ad   Thumb Code    34  stm32f4xx_rcc.o(.text)
    RCC_AHB3PeriphResetCmd                   0x080046cf   Thumb Code    34  stm32f4xx_rcc.o(.text)
    RCC_APB1PeriphResetCmd                   0x080046f1   Thumb Code    34  stm32f4xx_rcc.o(.text)
    RCC_APB2PeriphResetCmd                   0x08004713   Thumb Code    34  stm32f4xx_rcc.o(.text)
    RCC_AHB1PeriphClockLPModeCmd             0x08004735   Thumb Code    34  stm32f4xx_rcc.o(.text)
    RCC_AHB2PeriphClockLPModeCmd             0x08004757   Thumb Code    34  stm32f4xx_rcc.o(.text)
    RCC_AHB3PeriphClockLPModeCmd             0x08004779   Thumb Code    34  stm32f4xx_rcc.o(.text)
    RCC_APB1PeriphClockLPModeCmd             0x0800479b   Thumb Code    34  stm32f4xx_rcc.o(.text)
    RCC_APB2PeriphClockLPModeCmd             0x080047bd   Thumb Code    34  stm32f4xx_rcc.o(.text)
    RCC_ITConfig                             0x080047df   Thumb Code    34  stm32f4xx_rcc.o(.text)
    RCC_ClearFlag                            0x08004801   Thumb Code    18  stm32f4xx_rcc.o(.text)
    RCC_GetITStatus                          0x08004813   Thumb Code    22  stm32f4xx_rcc.o(.text)
    RCC_ClearITPendingBit                    0x08004829   Thumb Code     8  stm32f4xx_rcc.o(.text)
    SPI_I2S_DeInit                           0x08004835   Thumb Code   152  stm32f4xx_spi.o(.text)
    SPI_Init                                 0x080048cd   Thumb Code    60  stm32f4xx_spi.o(.text)
    I2S_Init                                 0x08004909   Thumb Code   350  stm32f4xx_spi.o(.text)
    SPI_StructInit                           0x08004a67   Thumb Code    24  stm32f4xx_spi.o(.text)
    I2S_StructInit                           0x08004a7f   Thumb Code    20  stm32f4xx_spi.o(.text)
    SPI_Cmd                                  0x08004a93   Thumb Code    24  stm32f4xx_spi.o(.text)
    I2S_Cmd                                  0x08004aab   Thumb Code    24  stm32f4xx_spi.o(.text)
    SPI_DataSizeConfig                       0x08004ac3   Thumb Code    18  stm32f4xx_spi.o(.text)
    SPI_BiDirectionalLineConfig              0x08004ad5   Thumb Code    28  stm32f4xx_spi.o(.text)
    SPI_NSSInternalSoftwareConfig            0x08004af1   Thumb Code    30  stm32f4xx_spi.o(.text)
    SPI_SSOutputCmd                          0x08004b0f   Thumb Code    24  stm32f4xx_spi.o(.text)
    SPI_TIModeCmd                            0x08004b27   Thumb Code    24  stm32f4xx_spi.o(.text)
    I2S_FullDuplexConfig                     0x08004b3f   Thumb Code    80  stm32f4xx_spi.o(.text)
    SPI_I2S_ReceiveData                      0x08004b8f   Thumb Code     6  stm32f4xx_spi.o(.text)
    SPI_I2S_SendData                         0x08004b95   Thumb Code     4  stm32f4xx_spi.o(.text)
    SPI_CalculateCRC                         0x08004b99   Thumb Code    24  stm32f4xx_spi.o(.text)
    SPI_TransmitCRC                          0x08004bb1   Thumb Code    10  stm32f4xx_spi.o(.text)
    SPI_GetCRC                               0x08004bbb   Thumb Code    16  stm32f4xx_spi.o(.text)
    SPI_GetCRCPolynomial                     0x08004bcb   Thumb Code     6  stm32f4xx_spi.o(.text)
    SPI_I2S_DMACmd                           0x08004bd1   Thumb Code    18  stm32f4xx_spi.o(.text)
    SPI_I2S_ITConfig                         0x08004be3   Thumb Code    32  stm32f4xx_spi.o(.text)
    SPI_I2S_GetFlagStatus                    0x08004c03   Thumb Code    50  stm32f4xx_spi.o(.text)
    SPI_I2S_ClearFlag                        0x08004c35   Thumb Code     6  stm32f4xx_spi.o(.text)
    SPI_I2S_GetITStatus                      0x08004c3b   Thumb Code    52  stm32f4xx_spi.o(.text)
    SPI_I2S_ClearITPendingBit                0x08004c6f   Thumb Code    20  stm32f4xx_spi.o(.text)
    SYSCFG_DeInit                            0x08004c85   Thumb Code    22  stm32f4xx_syscfg.o(.text)
    SYSCFG_MemoryRemapConfig                 0x08004c9b   Thumb Code     6  stm32f4xx_syscfg.o(.text)
    SYSCFG_MemorySwappingBank                0x08004ca1   Thumb Code     6  stm32f4xx_syscfg.o(.text)
    SYSCFG_EXTILineConfig                    0x08004ca7   Thumb Code    66  stm32f4xx_syscfg.o(.text)
    SYSCFG_ETH_MediaInterfaceConfig          0x08004ce9   Thumb Code     8  stm32f4xx_syscfg.o(.text)
    SYSCFG_CompensationCellCmd               0x08004cf1   Thumb Code     6  stm32f4xx_syscfg.o(.text)
    SYSCFG_GetCompensationCellStatus         0x08004cf7   Thumb Code    22  stm32f4xx_syscfg.o(.text)
    TIM_DeInit                               0x08004d19   Thumb Code   346  stm32f4xx_tim.o(.text)
    TIM_TimeBaseInit                         0x08004e73   Thumb Code   104  stm32f4xx_tim.o(.text)
    TIM_TimeBaseStructInit                   0x08004edb   Thumb Code    18  stm32f4xx_tim.o(.text)
    TIM_PrescalerConfig                      0x08004eed   Thumb Code     6  stm32f4xx_tim.o(.text)
    TIM_CounterModeConfig                    0x08004ef3   Thumb Code    18  stm32f4xx_tim.o(.text)
    TIM_SetCounter                           0x08004f05   Thumb Code     4  stm32f4xx_tim.o(.text)
    TIM_SetAutoreload                        0x08004f09   Thumb Code     4  stm32f4xx_tim.o(.text)
    TIM_GetCounter                           0x08004f0d   Thumb Code     6  stm32f4xx_tim.o(.text)
    TIM_GetPrescaler                         0x08004f13   Thumb Code     6  stm32f4xx_tim.o(.text)
    TIM_UpdateDisableConfig                  0x08004f19   Thumb Code    24  stm32f4xx_tim.o(.text)
    TIM_UpdateRequestConfig                  0x08004f31   Thumb Code    24  stm32f4xx_tim.o(.text)
    TIM_ARRPreloadConfig                     0x08004f49   Thumb Code    24  stm32f4xx_tim.o(.text)
    TIM_SelectOnePulseMode                   0x08004f61   Thumb Code    18  stm32f4xx_tim.o(.text)
    TIM_SetClockDivision                     0x08004f73   Thumb Code    18  stm32f4xx_tim.o(.text)
    TIM_Cmd                                  0x08004f85   Thumb Code    24  stm32f4xx_tim.o(.text)
    TIM_OC1Init                              0x08004f9d   Thumb Code   114  stm32f4xx_tim.o(.text)
    TIM_OC2Init                              0x0800500f   Thumb Code   154  stm32f4xx_tim.o(.text)
    TIM_OC3Init                              0x080050a9   Thumb Code   204  stm32f4xx_tim.o(.text)
    TIM_OC4Init                              0x08005175   Thumb Code   112  stm32f4xx_tim.o(.text)
    TIM_OCStructInit                         0x080051e5   Thumb Code    20  stm32f4xx_tim.o(.text)
    TIM_SelectOCxM                           0x080051f9   Thumb Code    86  stm32f4xx_tim.o(.text)
    TIM_SetCompare1                          0x0800524f   Thumb Code     4  stm32f4xx_tim.o(.text)
    TIM_SetCompare2                          0x08005253   Thumb Code     4  stm32f4xx_tim.o(.text)
    TIM_SetCompare3                          0x08005257   Thumb Code     4  stm32f4xx_tim.o(.text)
    TIM_SetCompare4                          0x0800525b   Thumb Code     4  stm32f4xx_tim.o(.text)
    TIM_ForcedOC1Config                      0x0800525f   Thumb Code    18  stm32f4xx_tim.o(.text)
    TIM_ForcedOC2Config                      0x08005271   Thumb Code    26  stm32f4xx_tim.o(.text)
    TIM_ForcedOC3Config                      0x0800528b   Thumb Code    18  stm32f4xx_tim.o(.text)
    TIM_ForcedOC4Config                      0x0800529d   Thumb Code    26  stm32f4xx_tim.o(.text)
    TIM_OC1PreloadConfig                     0x080052b7   Thumb Code    18  stm32f4xx_tim.o(.text)
    TIM_OC2PreloadConfig                     0x080052c9   Thumb Code    26  stm32f4xx_tim.o(.text)
    TIM_OC3PreloadConfig                     0x080052e3   Thumb Code    18  stm32f4xx_tim.o(.text)
    TIM_OC4PreloadConfig                     0x080052f5   Thumb Code    26  stm32f4xx_tim.o(.text)
    TIM_OC1FastConfig                        0x0800530f   Thumb Code    18  stm32f4xx_tim.o(.text)
    TIM_OC2FastConfig                        0x08005321   Thumb Code    26  stm32f4xx_tim.o(.text)
    TIM_OC3FastConfig                        0x0800533b   Thumb Code    18  stm32f4xx_tim.o(.text)
    TIM_OC4FastConfig                        0x0800534d   Thumb Code    26  stm32f4xx_tim.o(.text)
    TIM_ClearOC1Ref                          0x08005367   Thumb Code    18  stm32f4xx_tim.o(.text)
    TIM_ClearOC2Ref                          0x08005379   Thumb Code    24  stm32f4xx_tim.o(.text)
    TIM_ClearOC3Ref                          0x08005391   Thumb Code    18  stm32f4xx_tim.o(.text)
    TIM_ClearOC4Ref                          0x080053a3   Thumb Code    24  stm32f4xx_tim.o(.text)
    TIM_OC1PolarityConfig                    0x080053bb   Thumb Code    18  stm32f4xx_tim.o(.text)
    TIM_OC1NPolarityConfig                   0x080053cd   Thumb Code    18  stm32f4xx_tim.o(.text)
    TIM_OC2PolarityConfig                    0x080053df   Thumb Code    26  stm32f4xx_tim.o(.text)
    TIM_OC2NPolarityConfig                   0x080053f9   Thumb Code    26  stm32f4xx_tim.o(.text)
    TIM_OC3PolarityConfig                    0x08005413   Thumb Code    26  stm32f4xx_tim.o(.text)
    TIM_OC3NPolarityConfig                   0x0800542d   Thumb Code    26  stm32f4xx_tim.o(.text)
    TIM_OC4PolarityConfig                    0x08005447   Thumb Code    26  stm32f4xx_tim.o(.text)
    TIM_CCxCmd                               0x08005461   Thumb Code    30  stm32f4xx_tim.o(.text)
    TIM_CCxNCmd                              0x0800547f   Thumb Code    30  stm32f4xx_tim.o(.text)
    TIM_SetIC4Prescaler                      0x0800549d   Thumb Code    26  stm32f4xx_tim.o(.text)
    TIM_SetIC3Prescaler                      0x08005507   Thumb Code    18  stm32f4xx_tim.o(.text)
    TIM_SetIC2Prescaler                      0x08005561   Thumb Code    26  stm32f4xx_tim.o(.text)
    TIM_SetIC1Prescaler                      0x080055d5   Thumb Code    18  stm32f4xx_tim.o(.text)
    TIM_ICInit                               0x08005621   Thumb Code   110  stm32f4xx_tim.o(.text)
    TIM_ICStructInit                         0x0800568f   Thumb Code    18  stm32f4xx_tim.o(.text)
    TIM_PWMIConfig                           0x080056a1   Thumb Code   124  stm32f4xx_tim.o(.text)
    TIM_GetCapture1                          0x0800571d   Thumb Code     6  stm32f4xx_tim.o(.text)
    TIM_GetCapture2                          0x08005723   Thumb Code     6  stm32f4xx_tim.o(.text)
    TIM_GetCapture3                          0x08005729   Thumb Code     6  stm32f4xx_tim.o(.text)
    TIM_GetCapture4                          0x0800572f   Thumb Code     6  stm32f4xx_tim.o(.text)
    TIM_BDTRConfig                           0x08005735   Thumb Code    32  stm32f4xx_tim.o(.text)
    TIM_BDTRStructInit                       0x08005755   Thumb Code    18  stm32f4xx_tim.o(.text)
    TIM_CtrlPWMOutputs                       0x08005767   Thumb Code    30  stm32f4xx_tim.o(.text)
    TIM_SelectCOM                            0x08005785   Thumb Code    24  stm32f4xx_tim.o(.text)
    TIM_CCPreloadControl                     0x0800579d   Thumb Code    24  stm32f4xx_tim.o(.text)
    TIM_ITConfig                             0x080057b5   Thumb Code    18  stm32f4xx_tim.o(.text)
    TIM_GenerateEvent                        0x080057c7   Thumb Code     4  stm32f4xx_tim.o(.text)
    TIM_GetFlagStatus                        0x080057cb   Thumb Code    18  stm32f4xx_tim.o(.text)
    TIM_ClearFlag                            0x080057dd   Thumb Code     6  stm32f4xx_tim.o(.text)
    TIM_GetITStatus                          0x080057e3   Thumb Code    34  stm32f4xx_tim.o(.text)
    TIM_ClearITPendingBit                    0x08005805   Thumb Code     6  stm32f4xx_tim.o(.text)
    TIM_DMAConfig                            0x0800580b   Thumb Code    10  stm32f4xx_tim.o(.text)
    TIM_DMACmd                               0x08005815   Thumb Code    18  stm32f4xx_tim.o(.text)
    TIM_SelectCCDMA                          0x08005827   Thumb Code    24  stm32f4xx_tim.o(.text)
    TIM_InternalClockConfig                  0x0800583f   Thumb Code    12  stm32f4xx_tim.o(.text)
    TIM_SelectInputTrigger                   0x0800584b   Thumb Code    18  stm32f4xx_tim.o(.text)
    TIM_ITRxExternalClockConfig              0x0800585d   Thumb Code    24  stm32f4xx_tim.o(.text)
    TIM_TIxExternalClockConfig               0x08005875   Thumb Code    62  stm32f4xx_tim.o(.text)
    TIM_ETRConfig                            0x080058b3   Thumb Code    28  stm32f4xx_tim.o(.text)
    TIM_ETRClockMode1Config                  0x080058cf   Thumb Code    54  stm32f4xx_tim.o(.text)
    TIM_ETRClockMode2Config                  0x08005905   Thumb Code    32  stm32f4xx_tim.o(.text)
    TIM_SelectOutputTrigger                  0x08005925   Thumb Code    18  stm32f4xx_tim.o(.text)
    TIM_SelectSlaveMode                      0x08005937   Thumb Code    18  stm32f4xx_tim.o(.text)
    TIM_SelectMasterSlaveMode                0x08005949   Thumb Code    18  stm32f4xx_tim.o(.text)
    TIM_EncoderInterfaceConfig               0x0800595b   Thumb Code    66  stm32f4xx_tim.o(.text)
    TIM_SelectHallSensor                     0x0800599d   Thumb Code    24  stm32f4xx_tim.o(.text)
    TIM_RemapConfig                          0x080059b5   Thumb Code     6  stm32f4xx_tim.o(.text)
    USART_DeInit                             0x080059bd   Thumb Code   206  stm32f4xx_usart.o(.text)
    USART_Init                               0x08005a8b   Thumb Code   204  stm32f4xx_usart.o(.text)
    USART_StructInit                         0x08005b57   Thumb Code    24  stm32f4xx_usart.o(.text)
    USART_ClockInit                          0x08005b6f   Thumb Code    32  stm32f4xx_usart.o(.text)
    USART_ClockStructInit                    0x08005b8f   Thumb Code    12  stm32f4xx_usart.o(.text)
    USART_Cmd                                0x08005b9b   Thumb Code    24  stm32f4xx_usart.o(.text)
    USART_SetPrescaler                       0x08005bb3   Thumb Code    16  stm32f4xx_usart.o(.text)
    USART_OverSampling8Cmd                   0x08005bc3   Thumb Code    22  stm32f4xx_usart.o(.text)
    USART_OneBitMethodCmd                    0x08005bd9   Thumb Code    24  stm32f4xx_usart.o(.text)
    USART_SendData                           0x08005bf1   Thumb Code     8  stm32f4xx_usart.o(.text)
    USART_ReceiveData                        0x08005bf9   Thumb Code    10  stm32f4xx_usart.o(.text)
    USART_SetAddress                         0x08005c03   Thumb Code    18  stm32f4xx_usart.o(.text)
    USART_ReceiverWakeUpCmd                  0x08005c15   Thumb Code    24  stm32f4xx_usart.o(.text)
    USART_WakeUpConfig                       0x08005c2d   Thumb Code    18  stm32f4xx_usart.o(.text)
    USART_LINBreakDetectLengthConfig         0x08005c3f   Thumb Code    18  stm32f4xx_usart.o(.text)
    USART_LINCmd                             0x08005c51   Thumb Code    24  stm32f4xx_usart.o(.text)
    USART_SendBreak                          0x08005c69   Thumb Code    10  stm32f4xx_usart.o(.text)
    USART_HalfDuplexCmd                      0x08005c73   Thumb Code    24  stm32f4xx_usart.o(.text)
    USART_SetGuardTime                       0x08005c8b   Thumb Code    16  stm32f4xx_usart.o(.text)
    USART_SmartCardCmd                       0x08005c9b   Thumb Code    24  stm32f4xx_usart.o(.text)
    USART_SmartCardNACKCmd                   0x08005cb3   Thumb Code    24  stm32f4xx_usart.o(.text)
    USART_IrDAConfig                         0x08005ccb   Thumb Code    18  stm32f4xx_usart.o(.text)
    USART_IrDACmd                            0x08005cdd   Thumb Code    24  stm32f4xx_usart.o(.text)
    USART_DMACmd                             0x08005cf5   Thumb Code    18  stm32f4xx_usart.o(.text)
    USART_ITConfig                           0x08005d07   Thumb Code    74  stm32f4xx_usart.o(.text)
    USART_GetFlagStatus                      0x08005d51   Thumb Code    26  stm32f4xx_usart.o(.text)
    USART_ClearFlag                          0x08005d6b   Thumb Code    18  stm32f4xx_usart.o(.text)
    USART_GetITStatus                        0x08005d7d   Thumb Code   118  stm32f4xx_usart.o(.text)
    USART_ClearITPendingBit                  0x08005df3   Thumb Code    30  stm32f4xx_usart.o(.text)
    __aeabi_memcpy                           0x08005e11   Thumb Code     0  rt_memcpy_v6.o(.text)
    __rt_memcpy                              0x08005e11   Thumb Code   138  rt_memcpy_v6.o(.text)
    _memcpy_lastbytes                        0x08005e77   Thumb Code     0  rt_memcpy_v6.o(.text)
    __aeabi_memset                           0x08005e9b   Thumb Code    16  aeabi_memset.o(.text)
    __use_two_region_memory                  0x08005eab   Thumb Code     2  heapauxi.o(.text)
    __rt_heap_escrow$2region                 0x08005ead   Thumb Code     2  heapauxi.o(.text)
    __rt_heap_expand$2region                 0x08005eaf   Thumb Code     2  heapauxi.o(.text)
    __aeabi_memcpy4                          0x08005eb1   Thumb Code     0  rt_memcpy_w.o(.text)
    __aeabi_memcpy8                          0x08005eb1   Thumb Code     0  rt_memcpy_w.o(.text)
    __rt_memcpy_w                            0x08005eb1   Thumb Code   100  rt_memcpy_w.o(.text)
    _memcpy_lastbytes_aligned                0x08005ef9   Thumb Code     0  rt_memcpy_w.o(.text)
    __aeabi_memclr                           0x08005f15   Thumb Code     0  rt_memclr.o(.text)
    __rt_memclr                              0x08005f15   Thumb Code    68  rt_memclr.o(.text)
    _memset                                  0x08005f19   Thumb Code     0  rt_memclr.o(.text)
    __aeabi_memclr4                          0x08005f59   Thumb Code     0  rt_memclr_w.o(.text)
    __aeabi_memclr8                          0x08005f59   Thumb Code     0  rt_memclr_w.o(.text)
    __rt_memclr_w                            0x08005f59   Thumb Code    78  rt_memclr_w.o(.text)
    _memset_w                                0x08005f5d   Thumb Code     0  rt_memclr_w.o(.text)
    __user_setup_stackheap                   0x08005fa7   Thumb Code    74  sys_stackheap_outer.o(.text)
    exit                                     0x08005ff1   Thumb Code    18  exit.o(.text)
    __user_libspace                          0x08006005   Thumb Code     8  libspace.o(.text)
    __user_perproc_libspace                  0x08006005   Thumb Code     0  libspace.o(.text)
    __user_perthread_libspace                0x08006005   Thumb Code     0  libspace.o(.text)
    _sys_exit                                0x0800600d   Thumb Code     8  sys_exit.o(.text)
    __I$use$semihosting                      0x08006019   Thumb Code     0  use_no_semi.o(.text)
    __use_no_semihosting_swi                 0x08006019   Thumb Code     2  use_no_semi.o(.text)
    __semihosting_library_function           0x0800601b   Thumb Code     0  indicate_semi.o(.text)
    __aeabi_d2f                              0x0800601d   Thumb Code     0  d2f.o(x$fpl$d2f)
    _d2f                                     0x0800601d   Thumb Code    98  d2f.o(x$fpl$d2f)
    __aeabi_dadd                             0x08006081   Thumb Code     0  daddsub_clz.o(x$fpl$dadd)
    _dadd                                    0x08006081   Thumb Code   332  daddsub_clz.o(x$fpl$dadd)
    __fpl_dcmp_Inf                           0x080061d1   Thumb Code    24  dcmpi.o(x$fpl$dcmpinf)
    __aeabi_d2iz                             0x080061e9   Thumb Code     0  dfix.o(x$fpl$dfix)
    _dfix                                    0x080061e9   Thumb Code    94  dfix.o(x$fpl$dfix)
    __aeabi_cdcmple                          0x08006249   Thumb Code     0  dleqf.o(x$fpl$dleqf)
    _dcmple                                  0x08006249   Thumb Code   120  dleqf.o(x$fpl$dleqf)
    __fpl_dcmple_InfNaN                      0x080062ab   Thumb Code     0  dleqf.o(x$fpl$dleqf)
    __aeabi_dmul                             0x080062c1   Thumb Code     0  dmul.o(x$fpl$dmul)
    _dmul                                    0x080062c1   Thumb Code   332  dmul.o(x$fpl$dmul)
    __fpl_dnaninf                            0x08006415   Thumb Code   156  dnaninf.o(x$fpl$dnaninf)
    __fpl_dretinf                            0x080064b1   Thumb Code    12  dretinf.o(x$fpl$dretinf)
    __aeabi_cdrcmple                         0x080064bd   Thumb Code     0  drleqf.o(x$fpl$drleqf)
    _drcmple                                 0x080064bd   Thumb Code   108  drleqf.o(x$fpl$drleqf)
    __aeabi_dsub                             0x08006529   Thumb Code     0  daddsub_clz.o(x$fpl$dsub)
    _dsub                                    0x08006529   Thumb Code   464  daddsub_clz.o(x$fpl$dsub)
    __aeabi_f2d                              0x080066fd   Thumb Code     0  f2d.o(x$fpl$f2d)
    _f2d                                     0x080066fd   Thumb Code    86  f2d.o(x$fpl$f2d)
    __fpl_fnaninf                            0x08006753   Thumb Code   140  fnaninf.o(x$fpl$fnaninf)
    _fp_init                                 0x080067df   Thumb Code    10  fpinit.o(x$fpl$fpinit)
    __fplib_config_fpu_vfp                   0x080067e7   Thumb Code     0  fpinit.o(x$fpl$fpinit)
    __fplib_config_pureend_doubles           0x080067e7   Thumb Code     0  fpinit.o(x$fpl$fpinit)
    __fpl_fretinf                            0x080067e9   Thumb Code    10  fretinf.o(x$fpl$fretinf)
    __I$use$fp                               0x080067f2   Number         0  usenofp.o(x$fpl$usenofp)
    GPIO_PIN                                 0x080067f4   Data           8  discoveryf4utils.o(.constdata)
    GPIO_CLK                                 0x080067fc   Data          16  discoveryf4utils.o(.constdata)
    BUTTON_PIN                               0x0800680c   Data           2  discoveryf4utils.o(.constdata)
    BUTTON_CLK                               0x08006810   Data           4  discoveryf4utils.o(.constdata)
    BUTTON_EXTI_LINE                         0x08006814   Data           2  discoveryf4utils.o(.constdata)
    BUTTON_PORT_SOURCE                       0x08006816   Data           1  discoveryf4utils.o(.constdata)
    BUTTON_PIN_SOURCE                        0x08006817   Data           1  discoveryf4utils.o(.constdata)
    BUTTON_IRQn                              0x08006818   Data           1  discoveryf4utils.o(.constdata)
    COM_USART_CLK                            0x0800681c   Data           4  discoveryf4utils.o(.constdata)
    COM_TX_PORT_CLK                          0x08006820   Data           4  discoveryf4utils.o(.constdata)
    COM_RX_PORT_CLK                          0x08006824   Data           4  discoveryf4utils.o(.constdata)
    COM_TX_PIN                               0x08006828   Data           2  discoveryf4utils.o(.constdata)
    COM_RX_PIN                               0x0800682a   Data           2  discoveryf4utils.o(.constdata)
    COM_TX_PIN_SOURCE                        0x0800682c   Data           2  discoveryf4utils.o(.constdata)
    COM_RX_PIN_SOURCE                        0x0800682e   Data           2  discoveryf4utils.o(.constdata)
    COM_TX_AF                                0x08006830   Data           2  discoveryf4utils.o(.constdata)
    COM_RX_AF                                0x08006832   Data           2  discoveryf4utils.o(.constdata)
    Region$$Table$$Base                      0x08006834   Number         0  anon$$obj.o(Region$$Table)
    Region$$Table$$Limit                     0x08006854   Number         0  anon$$obj.o(Region$$Table)
    SystemCoreClock                          0x20000000   Data           4  system_stm32f4xx.o(.data)
    AHBPrescTable                            0x20000004   Data          16  system_stm32f4xx.o(.data)
    GPIO_InitStructure                       0x20000018   Data           8  main.o(.data)
    sampleCounter                            0x20000020   Data           4  main.o(.data)
    sample                                   0x20000024   Data           2  main.o(.data)
    sawWave                                  0x20000028   Data           8  main.o(.data)
    filteredSaw                              0x20000030   Data           4  main.o(.data)
    GPIO_Initstructure                       0x20000034   Data           8  main.o(.data)
    xMasterThreadHandler                     0x2000003c   Data           4  main.o(.data)
    timer_for_button_hold                    0x20000040   Data           4  main.o(.data)
    timer_for_button_released                0x20000044   Data           4  main.o(.data)
    timer_for_idle                           0x20000048   Data           4  main.o(.data)
    is_button_up                             0x2000004c   Data           1  main.o(.data)
    within_double_click_period               0x2000004d   Data           1  main.o(.data)
    button_clicked                           0x2000004e   Data           1  main.o(.data)
    is_single_click                          0x2000004f   Data           1  main.o(.data)
    is_double_click                          0x20000050   Data           1  main.o(.data)
    is_long_click                            0x20000051   Data           1  main.o(.data)
    curMode                                  0x20000052   Data           1  main.o(.data)
    countdown_timer_has_started              0x20000053   Data           1  main.o(.data)
    error_LED_1                              0x20000054   Data           2  main.o(.data)
    display_LED_1                            0x20000056   Data           2  main.o(.data)
    num_blink                                0x20000058   Data           4  main.o(.data)
    coffee_type                              0x2000005c   Data           4  main.o(.data)
    ingredient_type                          0x20000060   Data           4  main.o(.data)
    display_ingredient_predef_timing         0x20000064   Data           1  main.o(.data)
    time_milk                                0x20000066   Data           2  main.o(.data)
    time_espresso                            0x20000068   Data           2  main.o(.data)
    time_choc                                0x2000006a   Data           2  main.o(.data)
    new_num_click                            0x2000006c   Data           2  main.o(.data)
    output_sound                             0x2000006e   Data           1  main.o(.data)
    timer_for_sound                          0x20000070   Data           4  main.o(.data)
    start_sound_timer                        0x20000074   Data           1  main.o(.data)
    sound_init                               0x20000075   Data           1  main.o(.data)
    curValvePos                              0x20000078   Data           4  main.o(.data)
    xHandleBlue                              0x2000007c   Data           4  main.o(.data)
    GPIO_PORT                                0x20000080   Data          16  discoveryf4utils.o(.data)
    BUTTON_PORT                              0x20000090   Data           4  discoveryf4utils.o(.data)
    NVIC_InitStructure                       0x20000094   Data           4  discoveryf4utils.o(.data)
    COM_USART                                0x20000098   Data           4  discoveryf4utils.o(.data)
    COM_TX_PORT                              0x2000009c   Data           4  discoveryf4utils.o(.data)
    COM_RX_PORT                              0x200000a0   Data           4  discoveryf4utils.o(.data)
    pxCurrentTCB                             0x200000a4   Data           4  tasks.o(.data)
    timer_InitStructure                      0x20000120   Data          12  main.o(.bss)
    filt                                     0x2000012c   Data          68  main.o(.bss)
    I2S_InitType                             0x20000170   Data          16  codec.o(.bss)
    I2C_InitType                             0x20000180   Data          16  codec.o(.bss)
    xQueueRegistry                           0x20000190   Data          64  queue.o(.bss)
    __libspace_start                         0x20012ec0   Data          96  libspace.o(.bss)
    __temporary_stack_top$libspace           0x20012f20   Data           0  libspace.o(.bss)



==============================================================================

Memory Map of the image

  Image Entry point : 0x08000189

  Load Region LR_IROM1 (Base: 0x08000000, Size: 0x00006974, Max: 0x00100000, ABSOLUTE)

    Execution Region ER_IROM1 (Exec base: 0x08000000, Load base: 0x08000000, Size: 0x00006854, Max: 0x00100000, ABSOLUTE)

    Exec Addr    Load Addr    Size         Type   Attr      Idx    E Section Name        Object

    0x08000000   0x08000000   0x00000188   Data   RO            3    RESET               startup_stm32f4xx.o
    0x08000188   0x08000188   0x00000008   Code   RO         1184  * !!!main             c_w.l(__main.o)
    0x08000190   0x08000190   0x00000034   Code   RO         1378    !!!scatter          c_w.l(__scatter.o)
    0x080001c4   0x080001c4   0x0000001a   Code   RO         1380    !!handler_copy      c_w.l(__scatter_copy.o)
    0x080001de   0x080001de   0x00000002   PAD
    0x080001e0   0x080001e0   0x0000001c   Code   RO         1382    !!handler_zi        c_w.l(__scatter_zi.o)
    0x080001fc   0x080001fc   0x00000002   Code   RO         1248    .ARM.Collect$$libinit$$00000000  c_w.l(libinit.o)
    0x080001fe   0x080001fe   0x00000004   Code   RO         1254    .ARM.Collect$$libinit$$00000001  c_w.l(libinit2.o)
    0x08000202   0x08000202   0x00000000   Code   RO         1257    .ARM.Collect$$libinit$$00000004  c_w.l(libinit2.o)
    0x08000202   0x08000202   0x00000000   Code   RO         1260    .ARM.Collect$$libinit$$0000000A  c_w.l(libinit2.o)
    0x08000202   0x08000202   0x00000000   Code   RO         1262    .ARM.Collect$$libinit$$0000000C  c_w.l(libinit2.o)
    0x08000202   0x08000202   0x00000000   Code   RO         1264    .ARM.Collect$$libinit$$0000000E  c_w.l(libinit2.o)
    0x08000202   0x08000202   0x00000000   Code   RO         1267    .ARM.Collect$$libinit$$00000011  c_w.l(libinit2.o)
    0x08000202   0x08000202   0x00000000   Code   RO         1269    .ARM.Collect$$libinit$$00000013  c_w.l(libinit2.o)
    0x08000202   0x08000202   0x00000000   Code   RO         1271    .ARM.Collect$$libinit$$00000015  c_w.l(libinit2.o)
    0x08000202   0x08000202   0x00000000   Code   RO         1273    .ARM.Collect$$libinit$$00000017  c_w.l(libinit2.o)
    0x08000202   0x08000202   0x00000000   Code   RO         1275    .ARM.Collect$$libinit$$00000019  c_w.l(libinit2.o)
    0x08000202   0x08000202   0x00000000   Code   RO         1277    .ARM.Collect$$libinit$$0000001B  c_w.l(libinit2.o)
    0x08000202   0x08000202   0x00000000   Code   RO         1279    .ARM.Collect$$libinit$$0000001D  c_w.l(libinit2.o)
    0x08000202   0x08000202   0x00000000   Code   RO         1281    .ARM.Collect$$libinit$$0000001F  c_w.l(libinit2.o)
    0x08000202   0x08000202   0x00000000   Code   RO         1283    .ARM.Collect$$libinit$$00000021  c_w.l(libinit2.o)
    0x08000202   0x08000202   0x00000000   Code   RO         1285    .ARM.Collect$$libinit$$00000023  c_w.l(libinit2.o)
    0x08000202   0x08000202   0x00000000   Code   RO         1287    .ARM.Collect$$libinit$$00000025  c_w.l(libinit2.o)
    0x08000202   0x08000202   0x00000000   Code   RO         1291    .ARM.Collect$$libinit$$0000002C  c_w.l(libinit2.o)
    0x08000202   0x08000202   0x00000000   Code   RO         1293    .ARM.Collect$$libinit$$0000002E  c_w.l(libinit2.o)
    0x08000202   0x08000202   0x00000000   Code   RO         1295    .ARM.Collect$$libinit$$00000030  c_w.l(libinit2.o)
    0x08000202   0x08000202   0x00000000   Code   RO         1297    .ARM.Collect$$libinit$$00000032  c_w.l(libinit2.o)
    0x08000202   0x08000202   0x00000002   Code   RO         1298    .ARM.Collect$$libinit$$00000033  c_w.l(libinit2.o)
    0x08000204   0x08000204   0x00000002   Code   RO         1318    .ARM.Collect$$libshutdown$$00000000  c_w.l(libshutdown.o)
    0x08000206   0x08000206   0x00000000   Code   RO         1331    .ARM.Collect$$libshutdown$$00000002  c_w.l(libshutdown2.o)
    0x08000206   0x08000206   0x00000000   Code   RO         1333    .ARM.Collect$$libshutdown$$00000004  c_w.l(libshutdown2.o)
    0x08000206   0x08000206   0x00000000   Code   RO         1336    .ARM.Collect$$libshutdown$$00000007  c_w.l(libshutdown2.o)
    0x08000206   0x08000206   0x00000000   Code   RO         1339    .ARM.Collect$$libshutdown$$0000000A  c_w.l(libshutdown2.o)
    0x08000206   0x08000206   0x00000000   Code   RO         1341    .ARM.Collect$$libshutdown$$0000000C  c_w.l(libshutdown2.o)
    0x08000206   0x08000206   0x00000000   Code   RO         1344    .ARM.Collect$$libshutdown$$0000000F  c_w.l(libshutdown2.o)
    0x08000206   0x08000206   0x00000002   Code   RO         1345    .ARM.Collect$$libshutdown$$00000010  c_w.l(libshutdown2.o)
    0x08000208   0x08000208   0x00000000   Code   RO         1204    .ARM.Collect$$rtentry$$00000000  c_w.l(__rtentry.o)
    0x08000208   0x08000208   0x00000000   Code   RO         1221    .ARM.Collect$$rtentry$$00000002  c_w.l(__rtentry2.o)
    0x08000208   0x08000208   0x00000006   Code   RO         1233    .ARM.Collect$$rtentry$$00000004  c_w.l(__rtentry4.o)
    0x0800020e   0x0800020e   0x00000000   Code   RO         1223    .ARM.Collect$$rtentry$$00000009  c_w.l(__rtentry2.o)
    0x0800020e   0x0800020e   0x00000004   Code   RO         1224    .ARM.Collect$$rtentry$$0000000A  c_w.l(__rtentry2.o)
    0x08000212   0x08000212   0x00000000   Code   RO         1226    .ARM.Collect$$rtentry$$0000000C  c_w.l(__rtentry2.o)
    0x08000212   0x08000212   0x00000008   Code   RO         1227    .ARM.Collect$$rtentry$$0000000D  c_w.l(__rtentry2.o)
    0x0800021a   0x0800021a   0x00000002   Code   RO         1252    .ARM.Collect$$rtexit$$00000000  c_w.l(rtexit.o)
    0x0800021c   0x0800021c   0x00000000   Code   RO         1300    .ARM.Collect$$rtexit$$00000002  c_w.l(rtexit2.o)
    0x0800021c   0x0800021c   0x00000004   Code   RO         1301    .ARM.Collect$$rtexit$$00000003  c_w.l(rtexit2.o)
    0x08000220   0x08000220   0x00000006   Code   RO         1302    .ARM.Collect$$rtexit$$00000004  c_w.l(rtexit2.o)
    0x08000226   0x08000226   0x00000002   PAD
    0x08000228   0x08000228   0x000000c6   Code   RO          438    .emb_text           port.o
    0x080002ee   0x080002ee   0x00000002   PAD
    0x080002f0   0x080002f0   0x00000040   Code   RO            4    .text               startup_stm32f4xx.o
    0x08000330   0x08000330   0x00000210   Code   RO           12    .text               system_stm32f4xx.o
    0x08000540   0x08000540   0x00000bc8   Code   RO          139    .text               main.o
    0x08001108   0x08001108   0x00000228   Code   RO          213    .text               discoveryf4utils.o
    0x08001330   0x08001330   0x00000014   Code   RO          237    .text               stm32f4xx_it.o
    0x08001344   0x08001344   0x00000414   Code   RO          260    .text               codec.o
    0x08001758   0x08001758   0x00000094   Code   RO          342    .text               list.o
    0x080017ec   0x080017ec   0x000008d8   Code   RO          362    .text               queue.o
    0x080020c4   0x080020c4   0x000010c8   Code   RO          388    .text               tasks.o
    0x0800318c   0x0800318c   0x00000452   Code   RO          415    .text               timers.o
    0x080035de   0x080035de   0x00000002   PAD
    0x080035e0   0x080035e0   0x00000220   Code   RO          439    .text               port.o
    0x08003800   0x08003800   0x00000124   Code   RO          464    .text               heap_2.o
    0x08003924   0x08003924   0x000000e0   Code   RO          487    .text               misc.o
    0x08003a04   0x08003a04   0x00000110   Code   RO          750    .text               stm32f4xx_exti.o
    0x08003b14   0x08003b14   0x00000294   Code   RO          810    .text               stm32f4xx_gpio.o
    0x08003da8   0x08003da8   0x00000456   Code   RO          890    .text               stm32f4xx_i2c.o
    0x080041fe   0x080041fe   0x00000002   PAD
    0x08004200   0x08004200   0x00000634   Code   RO          973    .text               stm32f4xx_rcc.o
    0x08004834   0x08004834   0x0000044e   Code   RO         1078    .text               stm32f4xx_spi.o
    0x08004c82   0x08004c82   0x00000002   PAD
    0x08004c84   0x08004c84   0x00000094   Code   RO         1098    .text               stm32f4xx_syscfg.o
    0x08004d18   0x08004d18   0x00000ca2   Code   RO         1118    .text               stm32f4xx_tim.o
    0x080059ba   0x080059ba   0x00000002   PAD
    0x080059bc   0x080059bc   0x00000454   Code   RO         1138    .text               stm32f4xx_usart.o
    0x08005e10   0x08005e10   0x0000008a   Code   RO         1178    .text               c_w.l(rt_memcpy_v6.o)
    0x08005e9a   0x08005e9a   0x00000010   Code   RO         1180    .text               c_w.l(aeabi_memset.o)
    0x08005eaa   0x08005eaa   0x00000006   Code   RO         1182    .text               c_w.l(heapauxi.o)
    0x08005eb0   0x08005eb0   0x00000064   Code   RO         1205    .text               c_w.l(rt_memcpy_w.o)
    0x08005f14   0x08005f14   0x00000044   Code   RO         1207    .text               c_w.l(rt_memclr.o)
    0x08005f58   0x08005f58   0x0000004e   Code   RO         1235    .text               c_w.l(rt_memclr_w.o)
    0x08005fa6   0x08005fa6   0x0000004a   Code   RO         1239    .text               c_w.l(sys_stackheap_outer.o)
    0x08005ff0   0x08005ff0   0x00000012   Code   RO         1241    .text               c_w.l(exit.o)
    0x08006002   0x08006002   0x00000002   PAD
    0x08006004   0x08006004   0x00000008   Code   RO         1249    .text               c_w.l(libspace.o)
    0x0800600c   0x0800600c   0x0000000c   Code   RO         1310    .text               c_w.l(sys_exit.o)
    0x08006018   0x08006018   0x00000002   Code   RO         1321    .text               c_w.l(use_no_semi.o)
    0x0800601a   0x0800601a   0x00000000   Code   RO         1323    .text               c_w.l(indicate_semi.o)
    0x0800601a   0x0800601a   0x00000002   PAD
    0x0800601c   0x0800601c   0x00000062   Code   RO         1186    x$fpl$d2f           fz_wm.l(d2f.o)
    0x0800607e   0x0800607e   0x00000002   PAD
    0x08006080   0x08006080   0x00000150   Code   RO         1188    x$fpl$dadd          fz_wm.l(daddsub_clz.o)
    0x080061d0   0x080061d0   0x00000018   Code   RO         1237    x$fpl$dcmpinf       fz_wm.l(dcmpi.o)
    0x080061e8   0x080061e8   0x0000005e   Code   RO         1194    x$fpl$dfix          fz_wm.l(dfix.o)
    0x08006246   0x08006246   0x00000002   PAD
    0x08006248   0x08006248   0x00000078   Code   RO         1209    x$fpl$dleqf         fz_wm.l(dleqf.o)
    0x080062c0   0x080062c0   0x00000154   Code   RO         1198    x$fpl$dmul          fz_wm.l(dmul.o)
    0x08006414   0x08006414   0x0000009c   Code   RO         1211    x$fpl$dnaninf       fz_wm.l(dnaninf.o)
    0x080064b0   0x080064b0   0x0000000c   Code   RO         1213    x$fpl$dretinf       fz_wm.l(dretinf.o)
    0x080064bc   0x080064bc   0x0000006c   Code   RO         1200    x$fpl$drleqf        fz_wm.l(drleqf.o)
    0x08006528   0x08006528   0x000001d4   Code   RO         1190    x$fpl$dsub          fz_wm.l(daddsub_clz.o)
    0x080066fc   0x080066fc   0x00000056   Code   RO         1202    x$fpl$f2d           fz_wm.l(f2d.o)
    0x08006752   0x08006752   0x0000008c   Code   RO         1215    x$fpl$fnaninf       fz_wm.l(fnaninf.o)
    0x080067de   0x080067de   0x0000000a   Code   RO         1308    x$fpl$fpinit        fz_wm.l(fpinit.o)
    0x080067e8   0x080067e8   0x0000000a   Code   RO         1217    x$fpl$fretinf       fz_wm.l(fretinf.o)
    0x080067f2   0x080067f2   0x00000000   Code   RO         1219    x$fpl$usenofp       fz_wm.l(usenofp.o)
    0x080067f2   0x080067f2   0x00000002   PAD
    0x080067f4   0x080067f4   0x00000040   Data   RO          214    .constdata          discoveryf4utils.o
    0x08006834   0x08006834   0x00000020   Data   RO         1376    Region$$Table       anon$$obj.o


    Execution Region RW_IRAM1 (Exec base: 0x20000000, Load base: 0x08006854, Size: 0x00013520, Max: 0x00020000, ABSOLUTE)

    Exec Addr    Load Addr    Size         Type   Attr      Idx    E Section Name        Object

    0x20000000   0x08006854   0x00000014   Data   RW           13    .data               system_stm32f4xx.o
    0x20000014   0x08006868   0x00000004   PAD
    0x20000018   0x0800686c   0x00000068   Data   RW          142    .data               main.o
    0x20000080   0x080068d4   0x00000024   Data   RW          215    .data               discoveryf4utils.o
    0x200000a4   0x080068f8   0x00000038   Data   RW          390    .data               tasks.o
    0x200000dc   0x08006930   0x00000010   Data   RW          417    .data               timers.o
    0x200000ec   0x08006940   0x0000000c   Data   RW          440    .data               port.o
    0x200000f8   0x0800694c   0x00000018   Data   RW          466    .data               heap_2.o
    0x20000110   0x08006964   0x00000010   Data   RW          974    .data               stm32f4xx_rcc.o
    0x20000120        -       0x00000050   Zero   RW          140    .bss                main.o
    0x20000170        -       0x00000020   Zero   RW          261    .bss                codec.o
    0x20000190        -       0x00000040   Zero   RW          363    .bss                queue.o
    0x200001d0        -       0x000000c8   Zero   RW          389    .bss                tasks.o
    0x20000298        -       0x00000028   Zero   RW          416    .bss                timers.o
    0x200002c0        -       0x00012c00   Zero   RW          465    .bss                heap_2.o
    0x20012ec0        -       0x00000060   Zero   RW         1250    .bss                c_w.l(libspace.o)
    0x20012f20        -       0x00000200   Zero   RW            2    HEAP                startup_stm32f4xx.o
    0x20013120        -       0x00000400   Zero   RW            1    STACK               startup_stm32f4xx.o


==============================================================================

Image component sizes


      Code (inc. data)   RO Data    RW Data    ZI Data      Debug   Object Name

      1044         52          0          0         32       2261   codec.o
       552         88         64         36          0       3825   discoveryf4utils.o
         0          0          0          0          0       3852   event_groups.o
       292         26          0         24      76800       3256   heap_2.o
       148          0          0          0          0       1930   list.o
      3016        366          0        104         80      23204   main.o
       224         20          0          0          0       1969   misc.o
       742         50          0         12          0       5454   port.o
      2264          4          0          0         64      11947   queue.o
        64         26        392          0       1536        864   startup_stm32f4xx.o
       272         10          0          0          0       2439   stm32f4xx_exti.o
       660         44          0          0          0       4305   stm32f4xx_gpio.o
      1110         26          0          0          0       8827   stm32f4xx_i2c.o
        20          0          0          0          0        963   stm32f4xx_it.o
      1588         52          0         16          0      13066   stm32f4xx_rcc.o
      1102         32          0          0          0       7077   stm32f4xx_spi.o
       148         12          0          0          0       1905   stm32f4xx_syscfg.o
      3234         60          0          0          0      23164   stm32f4xx_tim.o
      1108         34          0          0          0       8032   stm32f4xx_usart.o
       528         46          0         20          0     301839   system_stm32f4xx.o
      4296        242          0         56        200      17880   tasks.o
      1106         56          0         16         40       6448   timers.o

    ----------------------------------------------------------------------
     23528       1246        488        288      78752     454507   Object Totals
         0          0         32          0          0          0   (incl. Generated)
        10          0          0          4          0          0   (incl. Padding)

    ----------------------------------------------------------------------

      Code (inc. data)   RO Data    RW Data    ZI Data      Debug   Library Member Name

         8          0          0          0          0         68   __main.o
         0          0          0          0          0          0   __rtentry.o
        12          0          0          0          0          0   __rtentry2.o
         6          0          0          0          0          0   __rtentry4.o
        52          8          0          0          0          0   __scatter.o
        26          0          0          0          0          0   __scatter_copy.o
        28          0          0          0          0          0   __scatter_zi.o
        16          0          0          0          0         68   aeabi_memset.o
        18          0          0          0          0         80   exit.o
         6          0          0          0          0        152   heapauxi.o
         0          0          0          0          0          0   indicate_semi.o
         2          0          0          0          0          0   libinit.o
         6          0          0          0          0          0   libinit2.o
         2          0          0          0          0          0   libshutdown.o
         2          0          0          0          0          0   libshutdown2.o
         8          4          0          0         96         68   libspace.o
        68          0          0          0          0         68   rt_memclr.o
        78          0          0          0          0         80   rt_memclr_w.o
       138          0          0          0          0         68   rt_memcpy_v6.o
       100          0          0          0          0         80   rt_memcpy_w.o
         2          0          0          0          0          0   rtexit.o
        10          0          0          0          0          0   rtexit2.o
        12          4          0          0          0         68   sys_exit.o
        74          0          0          0          0         80   sys_stackheap_outer.o
         2          0          0          0          0         68   use_no_semi.o
        98          4          0          0          0        140   d2f.o
       804         16          0          0          0        368   daddsub_clz.o
        24          0          0          0          0        116   dcmpi.o
        94          4          0          0          0        140   dfix.o
       120          4          0          0          0        140   dleqf.o
       340         12          0          0          0        152   dmul.o
       156          4          0          0          0        140   dnaninf.o
        12          0          0          0          0        116   dretinf.o
       108          0          0          0          0        128   drleqf.o
        86          4          0          0          0        132   f2d.o
       140          4          0          0          0        132   fnaninf.o
        10          0          0          0          0        116   fpinit.o
        10          0          0          0          0        116   fretinf.o
         0          0          0          0          0          0   usenofp.o

    ----------------------------------------------------------------------
      2692         68          0          0         96       2884   Library Totals
        14          0          0          0          0          0   (incl. Padding)

    ----------------------------------------------------------------------

      Code (inc. data)   RO Data    RW Data    ZI Data      Debug   Library Name

       676         16          0          0         96        948   c_w.l
      2002         52          0          0          0       1936   fz_wm.l

    ----------------------------------------------------------------------
      2692         68          0          0         96       2884   Library Totals

    ----------------------------------------------------------------------

==============================================================================


      Code (inc. data)   RO Data    RW Data    ZI Data      Debug   

     26220       1314        488        288      78848     450375   Grand Totals
     26220       1314        488        288      78848     450375   ELF Image Totals
     26220       1314        488        288          0          0   ROM Totals

==============================================================================

    Total RO  Size (Code + RO Data)                26708 (  26.08kB)
    Total RW  Size (RW Data + ZI Data)             79136 (  77.28kB)
    Total ROM Size (Code + RO Data + RW Data)      26996 (  26.36kB)

==============================================================================

